Archive member included to satisfy reference by file (symbol)

app/libapp.a(shmem.c.obj)     (--whole-archive)
app/libapp.a(main.c.obj)      (--whole-archive)
zephyr/libzephyr.a(heap.c.obj)
                              (--whole-archive)
zephyr/libzephyr.a(cbprintf_packaged.c.obj)
                              (--whole-archive)
zephyr/libzephyr.a(printk.c.obj)
                              (--whole-archive)
zephyr/libzephyr.a(sem.c.obj)
                              (--whole-archive)
zephyr/libzephyr.a(thread_entry.c.obj)
                              (--whole-archive)
zephyr/libzephyr.a(cbprintf_complete.c.obj)
                              (--whole-archive)
zephyr/libzephyr.a(assert.c.obj)
                              (--whole-archive)
zephyr/libzephyr.a(dec.c.obj)
                              (--whole-archive)
zephyr/libzephyr.a(hex.c.obj)
                              (--whole-archive)
zephyr/libzephyr.a(rb.c.obj)  (--whole-archive)
zephyr/libzephyr.a(timeutil.c.obj)
                              (--whole-archive)
zephyr/libzephyr.a(bitarray.c.obj)
                              (--whole-archive)
zephyr/libzephyr.a(onoff.c.obj)
                              (--whole-archive)
zephyr/libzephyr.a(notify.c.obj)
                              (--whole-archive)
zephyr/libzephyr.a(configs.c.obj)
                              (--whole-archive)
zephyr/libzephyr.a(mem_attr.c.obj)
                              (--whole-archive)
zephyr/libzephyr.a(tracing_none.c.obj)
                              (--whole-archive)
zephyr/libzephyr.a(banner.c.obj)
                              (--whole-archive)
zephyr/libzephyr.a(flash_map_partition_manager.c.obj)
                              (--whole-archive)
zephyr/arch/common/libarch__common.a(sw_isr_common.c.obj)
                              (--whole-archive)
zephyr/arch/arch/arm/core/libarch__arm__core.a(fatal.c.obj)
                              (--whole-archive)
zephyr/arch/arch/arm/core/libarch__arm__core.a(nmi.c.obj)
                              (--whole-archive)
zephyr/arch/arch/arm/core/libarch__arm__core.a(nmi_on_reset.S.obj)
                              (--whole-archive)
zephyr/arch/arch/arm/core/libarch__arm__core.a(tls.c.obj)
                              (--whole-archive)
zephyr/arch/arch/arm/core/cortex_m/libarch__arm__core__cortex_m.a(exc_exit.c.obj)
                              (--whole-archive)
zephyr/arch/arch/arm/core/cortex_m/libarch__arm__core__cortex_m.a(fault.c.obj)
                              (--whole-archive)
zephyr/arch/arch/arm/core/cortex_m/libarch__arm__core__cortex_m.a(fault_s.S.obj)
                              (--whole-archive)
zephyr/arch/arch/arm/core/cortex_m/libarch__arm__core__cortex_m.a(fpu.c.obj)
                              (--whole-archive)
zephyr/arch/arch/arm/core/cortex_m/libarch__arm__core__cortex_m.a(reset.S.obj)
                              (--whole-archive)
zephyr/arch/arch/arm/core/cortex_m/libarch__arm__core__cortex_m.a(scb.c.obj)
                              (--whole-archive)
zephyr/arch/arch/arm/core/cortex_m/libarch__arm__core__cortex_m.a(thread_abort.c.obj)
                              (--whole-archive)
zephyr/arch/arch/arm/core/cortex_m/libarch__arm__core__cortex_m.a(vector_table.S.obj)
                              (--whole-archive)
zephyr/arch/arch/arm/core/cortex_m/libarch__arm__core__cortex_m.a(swap.c.obj)
                              (--whole-archive)
zephyr/arch/arch/arm/core/cortex_m/libarch__arm__core__cortex_m.a(swap_helper.S.obj)
                              (--whole-archive)
zephyr/arch/arch/arm/core/cortex_m/libarch__arm__core__cortex_m.a(irq_manage.c.obj)
                              (--whole-archive)
zephyr/arch/arch/arm/core/cortex_m/libarch__arm__core__cortex_m.a(prep_c.c.obj)
                              (--whole-archive)
zephyr/arch/arch/arm/core/cortex_m/libarch__arm__core__cortex_m.a(thread.c.obj)
                              (--whole-archive)
zephyr/arch/arch/arm/core/cortex_m/libarch__arm__core__cortex_m.a(cpu_idle.c.obj)
                              (--whole-archive)
zephyr/arch/arch/arm/core/cortex_m/libarch__arm__core__cortex_m.a(irq_init.c.obj)
                              (--whole-archive)
zephyr/arch/arch/arm/core/cortex_m/libarch__arm__core__cortex_m.a(isr_wrapper.c.obj)
                              (--whole-archive)
zephyr/arch/arch/arm/core/cortex_m/libarch__arm__core__cortex_m.a(__aeabi_read_tp.S.obj)
                              (--whole-archive)
zephyr/arch/arch/arm/core/cortex_m/cmse/libarch__arm__core__cortex_m__cmse.a(arm_core_cmse.c.obj)
                              (--whole-archive)
zephyr/arch/arch/arm/core/mpu/libarch__arm__core__mpu.a(arm_core_mpu.c.obj)
                              (--whole-archive)
zephyr/arch/arch/arm/core/mpu/libarch__arm__core__mpu.a(arm_mpu.c.obj)
                              (--whole-archive)
zephyr/arch/arch/arm/core/mpu/libarch__arm__core__mpu.a(arm_mpu_regions.c.obj)
                              (--whole-archive)
[...]
Memory Configuration

Name             Origin             Length             Attributes
FLASH            0x0000000000008000 0x00000000000f8000 xr
RAM              0x000000002000c568 0x0000000000033a98 xw
IDT_LIST         0x00000000ffff7fff 0x0000000000008000 xw
*default*        0x0000000000000000 0xffffffffffffffff

Linker script and memory map

                0x000000000000bc1c                vfprintf = __l_vfprintf
                0x0000000000000000                vfscanf = __l_vfscanf
LOAD zephyr/CMakeFiles/zephyr_pre0.dir/misc/empty_file.c.obj
LOAD zephyr/CMakeFiles/offsets.dir/./arch/arm/core/offsets/offsets.c.obj
LOAD tfm/api_ns/interface/lib/s_veneers.o
LOAD app/libapp.a
LOAD zephyr/libzephyr.a
LOAD zephyr/arch/common/libarch__common.a
LOAD zephyr/arch/arch/arm/core/libarch__arm__core.a
LOAD zephyr/arch/arch/arm/core/cortex_m/libarch__arm__core__cortex_m.a
LOAD zephyr/arch/arch/arm/core/cortex_m/cmse/libarch__arm__core__cortex_m__cmse.a
LOAD zephyr/arch/arch/arm/core/mpu/libarch__arm__core__mpu.a
LOAD zephyr/lib/libc/picolibc/liblib__libc__picolibc.a
LOAD zephyr/lib/libc/common/liblib__libc__common.a
LOAD zephyr/soc/soc/nrf9160/libsoc__nordic.a
LOAD zephyr/boards/actinius/icarus/actinius_common/libboards__actinius__common.a
LOAD zephyr/drivers/clock_control/libdrivers__clock_control.a
LOAD zephyr/drivers/console/libdrivers__console.a
LOAD zephyr/drivers/gpio/libdrivers__gpio.a
LOAD zephyr/drivers/pinctrl/libdrivers__pinctrl.a
LOAD zephyr/drivers/serial/libdrivers__serial.a
LOAD zephyr/drivers/timer/libdrivers__timer.a
LOAD modules/nrf/lib/nrf_modem_lib/lib..__nrf__lib__nrf_modem_lib.a
LOAD modules/nrf/subsys/nrf_security/src/zephyr/libmbedtls_zephyr.a
LOAD modules/nrf/modules/trusted-firmware-m/lib..__nrf__modules__trusted-firmware-m.a
LOAD modules/nrf/modules/trusted-firmware-m/libtfm_api_nrf.a
LOAD modules/trusted-firmware-m/libtfm_api.a
LOAD modules/hal_nordic/nrfx/libmodules__hal_nordic__nrfx.a
LOAD /opt/nordic/ncs/v2.8.0/nrfxlib/nrf_modem/lib/cellular/nrf9160/soft-float/libmodem.a
LOAD zephyr/kernel/libkernel.a
LOAD /opt/nordic/ncs/toolchains/15b490767d/opt/zephyr-sdk/arm-zephyr-eabi/bin/../lib/gcc/arm-zephyr-eabi/12.2.0/thumb/v8-m.main/nofp/libgcc.a
LOAD zephyr/arch/common/libisr_tables.a
LOAD modules/nrf/subsys/nrf_security/src/libmbedcrypto.a
LOAD modules/nrf/subsys/nrf_security/src/libmbedcrypto_base.a
LOAD modules/nrf/subsys/nrf_security/src/libnrf_security_utils.a
LOAD zephyr/kernel/libkernel.a
LOAD /opt/nordic/ncs/v2.8.0/nrfxlib/crypto/nrf_oberon/lib/cortex-m33/soft-float/liboberon_mbedtls_3.0.15.a
LOAD /opt/nordic/ncs/v2.8.0/nrfxlib/crypto/nrf_oberon/lib/cortex-m33/soft-float/liboberon_3.0.15.a
LOAD /opt/nordic/ncs/toolchains/15b490767d/opt/zephyr-sdk/arm-zephyr-eabi/bin/../lib/gcc/../../picolibc/arm-zephyr-eabi/lib/thumb/v8-m.main/nofp/libc.a
LOAD /opt/nordic/ncs/toolchains/15b490767d/opt/zephyr-sdk/arm-zephyr-eabi/bin/../lib/gcc/arm-zephyr-eabi/12.2.0/thumb/v8-m.main/nofp/libgcc.a
                0x0000000000000020                _region_min_align = 0x20

.rel.plt        0x0000000000008000        0x0
 *(SORT_BY_ALIGNMENT(.rel.plt))
                [!provide]                        PROVIDE (__rel_iplt_start = .)
 *(SORT_BY_ALIGNMENT(.rel.iplt))
 .rel.iplt      0x0000000000008000        0x0 app/libapp.a(main.c.obj)
                [!provide]                        PROVIDE (__rel_iplt_end = .)

.rela.plt       0x0000000000000000        0x0
 *(SORT_BY_ALIGNMENT(.rela.plt))
                [!provide]                        PROVIDE (__rela_iplt_start = .)
 *(SORT_BY_ALIGNMENT(.rela.iplt))
                [!provide]                        PROVIDE (__rela_iplt_end = .)

.rel.dyn
 *(SORT_BY_ALIGNMENT(.rel.*))

.rela.dyn
 *(SORT_BY_ALIGNMENT(.rela.*))

/DISCARD/
 *(SORT_BY_ALIGNMENT(.plt))

/DISCARD/
 *(SORT_BY_ALIGNMENT(.iplt))
                0x0000000000008000                __rom_region_start = 0x8000

rom_start       0x0000000000008000      0x144
                0x0000000000008000                __rom_start_address = .
 FILL mask 0x00
                0x0000000000008000                . = (. + (0x0 - (. - __rom_start_address)))
                0x0000000000008000                . = ALIGN (0x4)
                0x0000000000008000                . = ALIGN (0x80)
                0x0000000000008000                . = ALIGN (0x200)
                0x0000000000008000                _vector_start = .
 *(SORT_BY_ALIGNMENT(.exc_vector_table))
 *(SORT_BY_ALIGNMENT(.exc_vector_table.*))
 .exc_vector_table._vector_table_section
                0x0000000000008000       0x40 zephyr/arch/arch/arm/core/cortex_m/libarch__arm__core__cortex_m.a(vector_table.S.obj)
                0x0000000000008000                _vector_table
 *(SORT_BY_ALIGNMENT(.vectors))
                0x0000000000008144                _vector_end = .
                0x0000000000008040                . = ALIGN (0x4)
 *(SORT_BY_ALIGNMENT(.gnu.linkonce.irq_vector_table*))
 .gnu.linkonce.irq_vector_table
                0x0000000000008040      0x104 zephyr/arch/common/libisr_tables.a(isr_tables.c.obj)
                0x0000000000008040                _irq_vector_table
                0x0000000000008144                _vector_end = .

text            0x0000000000008144     0x4db8
                0x0000000000008144                __text_region_start = .
 *(SORT_BY_ALIGNMENT(.text))
 .text          0x0000000000008144       0x10 /opt/nordic/ncs/toolchains/15b490767d/opt/zephyr-sdk/arm-zephyr-eabi/bin/../lib/gcc/../../picolibc/arm-zephyr-eabi/lib/thumb/v8-m.main/nofp/libc.a(strlen.S.o)
                0x0000000000008144                strlen
 *(SORT_BY_ALIGNMENT(.text.*))
 .text.uart0_cb
                0x0000000000008154       0x88 app/libapp.a(main.c.obj)
                0x0000000000008154                uart0_cb
 .text.uart1_cb
                0x00000000000081dc       0x88 app/libapp.a(main.c.obj)
                0x00000000000081dc                uart1_cb
 .text.print_uart0
                0x0000000000008264       0x28 app/libapp.a(main.c.obj)
                0x0000000000008264                print_uart0
 .text.print_uart1
                0x000000000000828c       0x28 app/libapp.a(main.c.obj)
                0x000000000000828c                print_uart1
 .text.main     0x00000000000082b4      0x104 app/libapp.a(main.c.obj)
                0x00000000000082b4                main
 .text.char_out
                0x00000000000083b8        0xc zephyr/libzephyr.a(printk.c.obj)
 .text.__printk_hook_install
                0x00000000000083c4        0xc zephyr/libzephyr.a(printk.c.obj)
                0x00000000000083c4                __printk_hook_install
 .text.vprintk  0x00000000000083d0       0x30 zephyr/libzephyr.a(printk.c.obj)
                0x00000000000083d0                vprintk
 .text.z_thread_entry
                0x0000000000008400       0x34 zephyr/libzephyr.a(thread_entry.c.obj)
                0x0000000000008400                z_thread_entry
 .text.process_event
                0x0000000000008434      0x21c zephyr/libzephyr.a(onoff.c.obj)
 .text.mem_attr_get_regions
                0x0000000000008650        0xc zephyr/libzephyr.a(mem_attr.c.obj)
                0x0000000000008650                mem_attr_get_regions
 .text.boot_banner
                0x000000000000865c       0x1c zephyr/libzephyr.a(banner.c.obj)
                0x000000000000865c                boot_banner
 .text.z_SysNmiOnReset
                0x0000000000008678        0x8 zephyr/arch/arch/arm/core/libarch__arm__core.a(nmi_on_reset.S.obj)
                0x0000000000008678                z_SysNmiOnReset
 .text.arch_tls_stack_setup
                0x0000000000008680       0x40 zephyr/arch/arch/arm/core/libarch__arm__core.a(tls.c.obj)
                0x0000000000008680                arch_tls_stack_setup
 .text._HandlerModeExit
                0x00000000000086c0       0x28 zephyr/arch/arch/arm/core/cortex_m/libarch__arm__core__cortex_m.a(exc_exit.c.obj)
                0x00000000000086c0                z_arm_exc_exit
                0x00000000000086c0                z_arm_int_exit
 .text.usage_fault.constprop.0
                0x00000000000086e8       0x5c zephyr/arch/arch/arm/core/cortex_m/libarch__arm__core__cortex_m.a(fault.c.obj)
 .text.bus_fault.constprop.0
                0x0000000000008744       0x6c zephyr/arch/arch/arm/core/cortex_m/libarch__arm__core__cortex_m.a(fault.c.obj)
 .text.mem_manage_fault.constprop.0
                0x00000000000087b0       0x78 zephyr/arch/arch/arm/core/cortex_m/libarch__arm__core__cortex_m.a(fault.c.obj)
 .text.z_arm_fault
                0x0000000000008828      0x130 zephyr/arch/arch/arm/core/cortex_m/libarch__arm__core__cortex_m.a(fault.c.obj)
                0x0000000000008828                z_arm_fault
 .text.z_arm_fault_init
                0x0000000000008958       0x20 zephyr/arch/arch/arm/core/cortex_m/libarch__arm__core__cortex_m.a(fault.c.obj)
                0x0000000000008958                z_arm_fault_init
 .text.__fault  0x0000000000008978       0x14 zephyr/arch/arch/arm/core/cortex_m/libarch__arm__core__cortex_m.a(fault_s.S.obj)
                0x0000000000008978                z_arm_bus_fault
                0x0000000000008978                z_arm_usage_fault
                0x0000000000008978                z_arm_mpu_fault
                0x0000000000008978                z_arm_exc_spurious
                0x0000000000008978                z_arm_debug_monitor
                0x0000000000008978                z_arm_hard_fault
 .text._reset_section
                0x000000000000898c       0x60 zephyr/arch/arch/arm/core/cortex_m/libarch__arm__core__cortex_m.a(reset.S.obj)
                0x000000000000898c                z_arm_reset
                0x000000000000898c                __start
 .text.z_arm_clear_arm_mpu_config
                0x00000000000089ec       0x24 zephyr/arch/arch/arm/core/cortex_m/libarch__arm__core__cortex_m.a(scb.c.obj)
                0x00000000000089ec                z_arm_clear_arm_mpu_config
 .text.z_arm_init_arch_hw_at_boot
                0x0000000000008a10       0x4c zephyr/arch/arch/arm/core/cortex_m/libarch__arm__core__cortex_m.a(scb.c.obj)
                0x0000000000008a10                z_arm_init_arch_hw_at_boot
 .text.z_impl_k_thread_abort
                0x0000000000008a5c       0x2c zephyr/arch/arch/arm/core/cortex_m/libarch__arm__core__cortex_m.a(thread_abort.c.obj)
                0x0000000000008a5c                z_impl_k_thread_abort
 .text.arch_swap
                0x0000000000008a88       0x30 zephyr/arch/arch/arm/core/cortex_m/libarch__arm__core__cortex_m.a(swap.c.obj)
                0x0000000000008a88                arch_swap
 .text.z_arm_pendsv_c
                0x0000000000008ab8       0x50 zephyr/arch/arch/arm/core/cortex_m/libarch__arm__core__cortex_m.a(swap.c.obj)
                0x0000000000008ab8                z_arm_pendsv_c
 .text.z_arm_pendsv
                0x0000000000008b08       0x48 zephyr/arch/arch/arm/core/cortex_m/libarch__arm__core__cortex_m.a(swap_helper.S.obj)
                0x0000000000008b08                z_arm_pendsv
 .text.z_arm_svc
                0x0000000000008b50       0x20 zephyr/arch/arch/arm/core/cortex_m/libarch__arm__core__cortex_m.a(swap_helper.S.obj)
                0x0000000000008b50                z_arm_svc
 .text.arch_irq_enable
                0x0000000000008b70       0x1c zephyr/arch/arch/arm/core/cortex_m/libarch__arm__core__cortex_m.a(irq_manage.c.obj)
                0x0000000000008b70                arch_irq_enable
 .text.arch_irq_is_enabled
                0x0000000000008b8c       0x1c zephyr/arch/arch/arm/core/cortex_m/libarch__arm__core__cortex_m.a(irq_manage.c.obj)
                0x0000000000008b8c                arch_irq_is_enabled
 .text.z_arm_irq_priority_set
                0x0000000000008ba8       0x2c zephyr/arch/arch/arm/core/cortex_m/libarch__arm__core__cortex_m.a(irq_manage.c.obj)
                0x0000000000008ba8                z_arm_irq_priority_set
 .text.z_prep_c
                0x0000000000008bd4       0x38 zephyr/arch/arch/arm/core/cortex_m/libarch__arm__core__cortex_m.a(prep_c.c.obj)
                0x0000000000008bd4                z_prep_c
 .text.arch_new_thread
                0x0000000000008c0c       0x3c zephyr/arch/arch/arm/core/cortex_m/libarch__arm__core__cortex_m.a(thread.c.obj)
                0x0000000000008c0c                arch_new_thread
 .text.arch_switch_to_main_thread
                0x0000000000008c48       0x48 zephyr/arch/arch/arm/core/cortex_m/libarch__arm__core__cortex_m.a(thread.c.obj)
                0x0000000000008c48                arch_switch_to_main_thread
 .text.z_arm_cpu_idle_init
                0x0000000000008c90        0xc zephyr/arch/arch/arm/core/cortex_m/libarch__arm__core__cortex_m.a(cpu_idle.c.obj)
                0x0000000000008c90                z_arm_cpu_idle_init
 .text.z_arm_interrupt_init
                0x0000000000008c9c       0x18 zephyr/arch/arch/arm/core/cortex_m/libarch__arm__core__cortex_m.a(irq_init.c.obj)
                0x0000000000008c9c                z_arm_interrupt_init
 .text._isr_wrapper
                0x0000000000008cb4       0x24 zephyr/arch/arch/arm/core/cortex_m/libarch__arm__core__cortex_m.a(isr_wrapper.c.obj)
                0x0000000000008cb4                _isr_wrapper
 .text.z_arm_configure_static_mpu_regions
                0x0000000000008cd8       0x38 zephyr/arch/arch/arm/core/mpu/libarch__arm__core__mpu.a(arm_core_mpu.c.obj)
                0x0000000000008cd8                z_arm_configure_static_mpu_regions
 .text.region_init
                0x0000000000008d10       0x34 zephyr/arch/arch/arm/core/mpu/libarch__arm__core__mpu.a(arm_mpu.c.obj)
 .text.region_allocate_and_init
                0x0000000000008d44       0x24 zephyr/arch/arch/arm/core/mpu/libarch__arm__core__mpu.a(arm_mpu.c.obj)
 .text.mpu_configure_regions_and_partition.constprop.0
                0x0000000000008d68      0x148 zephyr/arch/arch/arm/core/mpu/libarch__arm__core__mpu.a(arm_mpu.c.obj)
 .text.arm_core_mpu_enable
                0x0000000000008eb0       0x18 zephyr/arch/arch/arm/core/mpu/libarch__arm__core__mpu.a(arm_mpu.c.obj)
                0x0000000000008eb0                arm_core_mpu_enable
 .text.arm_core_mpu_disable
                0x0000000000008ec8       0x14 zephyr/arch/arch/arm/core/mpu/libarch__arm__core__mpu.a(arm_mpu.c.obj)
                0x0000000000008ec8                arm_core_mpu_disable
 .text.arm_core_mpu_configure_static_mpu_regions
                0x0000000000008edc       0x14 zephyr/arch/arch/arm/core/mpu/libarch__arm__core__mpu.a(arm_mpu.c.obj)
                0x0000000000008edc                arm_core_mpu_configure_static_mpu_regions
 .text.arm_core_mpu_mark_areas_for_dynamic_regions
                0x0000000000008ef0       0xb8 zephyr/arch/arch/arm/core/mpu/libarch__arm__core__mpu.a(arm_mpu.c.obj)
                0x0000000000008ef0                arm_core_mpu_mark_areas_for_dynamic_regions
 .text.z_arm_mpu_init
                0x0000000000008fa8      0x11c zephyr/arch/arch/arm/core/mpu/libarch__arm__core__mpu.a(arm_mpu.c.obj)
                0x0000000000008fa8                z_arm_mpu_init
 .text.z_impl_zephyr_fputc
                0x00000000000090c4       0x10 zephyr/lib/libc/picolibc/liblib__libc__picolibc.a(libc-hooks.c.obj)
                0x00000000000090c4                z_impl_zephyr_fputc
 .text.__stdout_hook_install
                0x00000000000090d4       0x18 zephyr/lib/libc/picolibc/liblib__libc__picolibc.a(libc-hooks.c.obj)
                0x00000000000090d4                __stdout_hook_install
 .text.malloc_prepare
                0x00000000000090ec       0x24 zephyr/lib/libc/common/liblib__libc__common.a(malloc.c.obj)
 .text.nordicsemi_nrf91_init
                0x0000000000009110       0x10 zephyr/soc/soc/nrf9160/libsoc__nordic.a(soc.c.obj)
 .text.arch_busy_wait
                0x0000000000009120       0x14 zephyr/soc/soc/nrf9160/libsoc__nordic.a(soc.c.obj)
                0x0000000000009120                arch_busy_wait
 .text.actinius_board_init
                0x0000000000009134       0x54 zephyr/boards/actinius/icarus/actinius_common/libboards__actinius__common.a(actinius_board_common.c.obj)
 .text.onoff_stop
                0x0000000000009188       0x30 zephyr/drivers/clock_control/libdrivers__clock_control.a(clock_control_nrf.c.obj)
 .text.onoff_start
                0x00000000000091b8       0x44 zephyr/drivers/clock_control/libdrivers__clock_control.a(clock_control_nrf.c.obj)
 .text.generic_hfclk_stop
                0x00000000000091fc       0x34 zephyr/drivers/clock_control/libdrivers__clock_control.a(clock_control_nrf.c.obj)
 .text.clk_init
                0x0000000000009230       0x58 zephyr/drivers/clock_control/libdrivers__clock_control.a(clock_control_nrf.c.obj)
 .text.api_blocking_start
                0x0000000000009288       0x34 zephyr/drivers/clock_control/libdrivers__clock_control.a(clock_control_nrf.c.obj)
 .text.clkstarted_handle.constprop.0
                0x00000000000092bc       0x4c zephyr/drivers/clock_control/libdrivers__clock_control.a(clock_control_nrf.c.obj)
 .text.generic_hfclk_start
                0x0000000000009308       0x7c zephyr/drivers/clock_control/libdrivers__clock_control.a(clock_control_nrf.c.obj)
 .text.clock_event_handler
                0x0000000000009384       0x1c zephyr/drivers/clock_control/libdrivers__clock_control.a(clock_control_nrf.c.obj)
 .text.z_nrf_clock_control_lf_on
                0x00000000000093a0       0xf4 zephyr/drivers/clock_control/libdrivers__clock_control.a(clock_control_nrf.c.obj)
                0x00000000000093a0                z_nrf_clock_control_lf_on
 .text.uart_console_init
                0x0000000000009494       0x28 zephyr/drivers/console/libdrivers__console.a(uart_console.c.obj)
 .text.console_out
                0x00000000000094bc       0x28 zephyr/drivers/console/libdrivers__console.a(uart_console.c.obj)
 .text.gpio_nrfx_init
                0x00000000000094e4       0x48 zephyr/drivers/gpio/libdrivers__gpio.a(gpio_nrfx.c.obj)
 .text.nrfx_gpio_handler
                0x000000000000952c       0x3c zephyr/drivers/gpio/libdrivers__gpio.a(gpio_nrfx.c.obj)
 .text.gpio_nrfx_pin_configure
                0x0000000000009568      0x17c zephyr/drivers/gpio/libdrivers__gpio.a(gpio_nrfx.c.obj)
 .text.gpio_nrfx_pin_interrupt_configure
                0x00000000000096e4       0xf4 zephyr/drivers/gpio/libdrivers__gpio.a(gpio_nrfx.c.obj)
 .text.pinctrl_configure_pins
                0x00000000000097d8      0x17c zephyr/drivers/pinctrl/libdrivers__pinctrl.a(pinctrl_nrf.c.obj)
                0x00000000000097d8                pinctrl_configure_pins
 .text.uarte_nrfx_poll_out
                0x0000000000009954       0xb4 zephyr/drivers/serial/libdrivers__serial.a(uart_nrfx_uarte.c.obj)
 .text.uarte_instance_init.constprop.0
                0x0000000000009a08       0xf8 zephyr/drivers/serial/libdrivers__serial.a(uart_nrfx_uarte.c.obj)
 .text.compare_int_lock
                0x0000000000009b00       0x40 zephyr/drivers/timer/libdrivers__timer.a(nrf_rtc_timer.c.obj)
 .text.sys_clock_timeout_handler
                0x0000000000009b40       0x48 zephyr/drivers/timer/libdrivers__timer.a(nrf_rtc_timer.c.obj)
 .text.compare_int_unlock
                0x0000000000009b88       0x4c zephyr/drivers/timer/libdrivers__timer.a(nrf_rtc_timer.c.obj)
 .text.z_nrf_rtc_timer_read
                0x0000000000009bd4       0x44 zephyr/drivers/timer/libdrivers__timer.a(nrf_rtc_timer.c.obj)
                0x0000000000009bd4                z_nrf_rtc_timer_read
 .text.compare_set
                0x0000000000009c18      0x124 zephyr/drivers/timer/libdrivers__timer.a(nrf_rtc_timer.c.obj)
 .text.sys_clock_driver_init
                0x0000000000009d3c       0x90 zephyr/drivers/timer/libdrivers__timer.a(nrf_rtc_timer.c.obj)
 .text.rtc_nrf_isr
                0x0000000000009dcc       0xd0 zephyr/drivers/timer/libdrivers__timer.a(nrf_rtc_timer.c.obj)
                0x0000000000009dcc                rtc_nrf_isr
 .text.sys_clock_set_timeout
                0x0000000000009e9c       0x5c zephyr/drivers/timer/libdrivers__timer.a(nrf_rtc_timer.c.obj)
                0x0000000000009e9c                sys_clock_set_timeout
 .text.sys_clock_elapsed
                0x0000000000009ef8       0x14 zephyr/drivers/timer/libdrivers__timer.a(nrf_rtc_timer.c.obj)
                0x0000000000009ef8                sys_clock_elapsed
 .text.on_init  0x0000000000009f0c       0x20 modules/nrf/lib/nrf_modem_lib/lib..__nrf__lib__nrf_modem_lib.a(nrf_modem_os.c.obj)
 .text.cfun_callback
                0x0000000000009f2c       0x24 modules/nrf/lib/nrf_modem_lib/lib..__nrf__lib__nrf_modem_lib.a(cfun_hooks.c.obj)
 .text.on_modem_init
                0x0000000000009f50        0xc modules/nrf/lib/nrf_modem_lib/lib..__nrf__lib__nrf_modem_lib.a(cfun_hooks.c.obj)
 .text.ns_fault_init
                0x0000000000009f5c       0x10 modules/nrf/modules/trusted-firmware-m/lib..__nrf__modules__trusted-firmware-m.a(fault.c.obj)
 .text.arm_fault
                0x0000000000009f6c       0xbc modules/nrf/modules/trusted-firmware-m/lib..__nrf__modules__trusted-firmware-m.a(fault.c.obj)
                0x0000000000009f6c                arm_fault
 .text.tfm_ns_fault_handler_callback
                0x000000000000a028       0x48 modules/nrf/modules/trusted-firmware-m/lib..__nrf__modules__trusted-firmware-m.a(fault.c.obj)
                0x000000000000a028                tfm_ns_fault_handler_callback
 .text.tfm_ns_interface_dispatch
                0x000000000000a070       0x68 modules/trusted-firmware-m/libtfm_api.a(interface.c.obj)
                0x000000000000a070                tfm_ns_interface_dispatch
 .text.tfm_platform_ioctl
                0x000000000000a0d8       0x4c modules/trusted-firmware-m/libtfm_api.a(tfm_platform_api.c.obj)
                0x000000000000a0d8                tfm_platform_ioctl
 .text.psa_call
                0x000000000000a124       0x34 modules/trusted-firmware-m/libtfm_api.a(tfm_tz_psa_ns_api.c.obj)
                0x000000000000a124                psa_call
 .text.nrfx_flag32_alloc
                0x000000000000a158       0x40 modules/hal_nordic/nrfx/libmodules__hal_nordic__nrfx.a(nrfx_flag32_allocator.c.obj)
                0x000000000000a158                nrfx_flag32_alloc
 .text.nrfx_flag32_free
                0x000000000000a198       0x38 modules/hal_nordic/nrfx/libmodules__hal_nordic__nrfx.a(nrfx_flag32_allocator.c.obj)
                0x000000000000a198                nrfx_flag32_free
 .text.nrfx_gppi_channels_enable
                0x000000000000a1d0        0xc modules/hal_nordic/nrfx/libmodules__hal_nordic__nrfx.a(nrfx_gppi_dppi.c.obj)
                0x000000000000a1d0                nrfx_gppi_channels_enable
 .text.clock_stop
                0x000000000000a1dc       0xb0 modules/hal_nordic/nrfx/libmodules__hal_nordic__nrfx.a(nrfx_clock.c.obj)
 .text.nrfx_clock_init
                0x000000000000a28c       0x20 modules/hal_nordic/nrfx/libmodules__hal_nordic__nrfx.a(nrfx_clock.c.obj)
                0x000000000000a28c                nrfx_clock_init
 .text.nrfx_clock_enable
                0x000000000000a2ac       0x28 modules/hal_nordic/nrfx/libmodules__hal_nordic__nrfx.a(nrfx_clock.c.obj)
                0x000000000000a2ac                nrfx_clock_enable
 .text.nrfx_clock_start
                0x000000000000a2d4       0xb8 modules/hal_nordic/nrfx/libmodules__hal_nordic__nrfx.a(nrfx_clock.c.obj)
                0x000000000000a2d4                nrfx_clock_start
 .text.nrfx_power_clock_irq_handler
                0x000000000000a38c       0x64 modules/hal_nordic/nrfx/libmodules__hal_nordic__nrfx.a(nrfx_clock.c.obj)
                0x000000000000a38c                nrfx_power_clock_irq_handler
 .text.nrfx_dppi_channel_alloc
                0x000000000000a3f0        0xc modules/hal_nordic/nrfx/libmodules__hal_nordic__nrfx.a(nrfx_dppi.c.obj)
                0x000000000000a3f0                nrfx_dppi_channel_alloc
 .text.nrf_gpio_pin_port_decode
                0x000000000000a3fc       0x18 modules/hal_nordic/nrfx/libmodules__hal_nordic__nrfx.a(nrfx_gpiote.c.obj)
 .text.release_handler
                0x000000000000a414       0x6c modules/hal_nordic/nrfx/libmodules__hal_nordic__nrfx.a(nrfx_gpiote.c.obj)
 .text.pin_te_get.isra.0
                0x000000000000a480       0x18 modules/hal_nordic/nrfx/libmodules__hal_nordic__nrfx.a(nrfx_gpiote.c.obj)
 .text.pin_is_input.isra.0
                0x000000000000a498       0x20 modules/hal_nordic/nrfx/libmodules__hal_nordic__nrfx.a(nrfx_gpiote.c.obj)
 .text.pin_in_use_by_te.isra.0
                0x000000000000a4b8       0x1c modules/hal_nordic/nrfx/libmodules__hal_nordic__nrfx.a(nrfx_gpiote.c.obj)
 .text.latch_pending_read_and_check
                0x000000000000a4d4       0x1c modules/hal_nordic/nrfx/libmodules__hal_nordic__nrfx.a(nrfx_gpiote.c.obj)
 .text.__nrfy_internal_gpiote_events_process.constprop.0
                0x000000000000a4f0       0x5c modules/hal_nordic/nrfx/libmodules__hal_nordic__nrfx.a(nrfx_gpiote.c.obj)
 .text.irq_handler.constprop.0
                0x000000000000a54c      0x15c modules/hal_nordic/nrfx/libmodules__hal_nordic__nrfx.a(nrfx_gpiote.c.obj)
 .text.pin_uninit
                0x000000000000a6a8       0xa0 modules/hal_nordic/nrfx/libmodules__hal_nordic__nrfx.a(nrfx_gpiote.c.obj)
 .text.nrfx_gpiote_input_configure
                0x000000000000a748      0x1f8 modules/hal_nordic/nrfx/libmodules__hal_nordic__nrfx.a(nrfx_gpiote.c.obj)
                0x000000000000a748                nrfx_gpiote_input_configure
 .text.nrfx_gpiote_output_configure
                0x000000000000a940      0x130 modules/hal_nordic/nrfx/libmodules__hal_nordic__nrfx.a(nrfx_gpiote.c.obj)
                0x000000000000a940                nrfx_gpiote_output_configure
 .text.nrfx_gpiote_global_callback_set
                0x000000000000aa70       0x1c modules/hal_nordic/nrfx/libmodules__hal_nordic__nrfx.a(nrfx_gpiote.c.obj)
                0x000000000000aa70                nrfx_gpiote_global_callback_set
 .text.nrfx_gpiote_channel_get
                0x000000000000aa8c       0x38 modules/hal_nordic/nrfx/libmodules__hal_nordic__nrfx.a(nrfx_gpiote.c.obj)
                0x000000000000aa8c                nrfx_gpiote_channel_get
 .text.nrfx_gpiote_init
                0x000000000000aac4       0x78 modules/hal_nordic/nrfx/libmodules__hal_nordic__nrfx.a(nrfx_gpiote.c.obj)
                0x000000000000aac4                nrfx_gpiote_init
 .text.nrfx_gpiote_init_check
                0x000000000000ab3c       0x1c modules/hal_nordic/nrfx/libmodules__hal_nordic__nrfx.a(nrfx_gpiote.c.obj)
                0x000000000000ab3c                nrfx_gpiote_init_check
 .text.nrfx_gpiote_channel_free
                0x000000000000ab58       0x18 modules/hal_nordic/nrfx/libmodules__hal_nordic__nrfx.a(nrfx_gpiote.c.obj)
                0x000000000000ab58                nrfx_gpiote_channel_free
 .text.nrfx_gpiote_channel_alloc
                0x000000000000ab70       0x18 modules/hal_nordic/nrfx/libmodules__hal_nordic__nrfx.a(nrfx_gpiote.c.obj)
                0x000000000000ab70                nrfx_gpiote_channel_alloc
 .text.nrfx_gpiote_trigger_enable
                0x000000000000ab88       0xb0 modules/hal_nordic/nrfx/libmodules__hal_nordic__nrfx.a(nrfx_gpiote.c.obj)
                0x000000000000ab88                nrfx_gpiote_trigger_enable
 .text.nrfx_gpiote_1_irq_handler
                0x000000000000ac38        0xc modules/hal_nordic/nrfx/libmodules__hal_nordic__nrfx.a(nrfx_gpiote.c.obj)
                0x000000000000ac38                nrfx_gpiote_1_irq_handler
 .text.nrfx_ipc_irq_handler
                0x000000000000ac44       0x40 modules/hal_nordic/nrfx/libmodules__hal_nordic__nrfx.a(nrfx_ipc.c.obj)
                0x000000000000ac44                nrfx_ipc_irq_handler
 .text.nrf_modem_at_cfun_handler_set
                0x000000000000ac84        0xc /opt/nordic/ncs/v2.8.0/nrfxlib/nrf_modem/lib/cellular/nrf9160/soft-float/libmodem.a(nrf_modem_at.c.obj)
                0x000000000000ac84                nrf_modem_at_cfun_handler_set
 .text.z_fatal_error
                0x000000000000ac90       0x30 zephyr/kernel/libkernel.a(fatal.c.obj)
                0x000000000000ac90                z_fatal_error
 .text.z_sys_init_run_level
                0x000000000000acc0       0x2c zephyr/kernel/libkernel.a(init.c.obj)
 .text.bg_thread_main
                0x000000000000acec       0xc4 zephyr/kernel/libkernel.a(init.c.obj)
 .text.z_bss_zero
                0x000000000000adb0       0x18 zephyr/kernel/libkernel.a(init.c.obj)
                0x000000000000adb0                z_bss_zero
 .text.z_init_cpu
                0x000000000000adc8       0x68 zephyr/kernel/libkernel.a(init.c.obj)
                0x000000000000adc8                z_init_cpu
 .text.z_cstart
                0x000000000000ae30       0xe0 zephyr/kernel/libkernel.a(init.c.obj)
                0x000000000000ae30                z_cstart
 .text.statics_init
                0x000000000000af10       0x24 zephyr/kernel/libkernel.a(kheap.c.obj)
 .text.z_impl_k_msgq_put
                0x000000000000af34       0xa0 zephyr/kernel/libkernel.a(msg_q.c.obj)
                0x000000000000af34                z_impl_k_msgq_put
 .text.z_impl_k_msgq_get
                0x000000000000afd4       0xb0 zephyr/kernel/libkernel.a(msg_q.c.obj)
                0x000000000000afd4                z_impl_k_msgq_get
 .text.z_impl_k_mutex_lock
                0x000000000000b084       0xf0 zephyr/kernel/libkernel.a(mutex.c.obj)
                0x000000000000b084                z_impl_k_mutex_lock
 .text.z_impl_k_mutex_unlock
                0x000000000000b174       0x78 zephyr/kernel/libkernel.a(mutex.c.obj)
                0x000000000000b174                z_impl_k_mutex_unlock
 .text.z_impl_k_sem_give
                0x000000000000b1ec       0x48 zephyr/kernel/libkernel.a(sem.c.obj)
                0x000000000000b1ec                z_impl_k_sem_give
 .text.z_impl_k_sem_take
                0x000000000000b234       0x4c zephyr/kernel/libkernel.a(sem.c.obj)
                0x000000000000b234                z_impl_k_sem_take
 .text.z_setup_new_thread
                0x000000000000b280       0x7c zephyr/kernel/libkernel.a(thread.c.obj)
                0x000000000000b280                z_setup_new_thread
 .text.update_cache
                0x000000000000b2fc       0x3c zephyr/kernel/libkernel.a(sched.c.obj)
 .text.unready_thread
                0x000000000000b338       0x30 zephyr/kernel/libkernel.a(sched.c.obj)
 .text.ready_thread
                0x000000000000b368       0x68 zephyr/kernel/libkernel.a(sched.c.obj)
 .text.z_thread_halt
                0x000000000000b3d0       0xe0 zephyr/kernel/libkernel.a(sched.c.obj)
 .text.move_thread_to_end_of_prio_q
                0x000000000000b4b0       0x74 zephyr/kernel/libkernel.a(sched.c.obj)
                0x000000000000b4b0                move_thread_to_end_of_prio_q
 .text.z_pend_curr
                0x000000000000b524       0x58 zephyr/kernel/libkernel.a(sched.c.obj)
                0x000000000000b524                z_pend_curr
 .text.z_thread_prio_set
                0x000000000000b57c       0x88 zephyr/kernel/libkernel.a(sched.c.obj)
                0x000000000000b57c                z_thread_prio_set
 .text.z_reschedule
                0x000000000000b604       0x24 zephyr/kernel/libkernel.a(sched.c.obj)
                0x000000000000b604                z_reschedule
 .text.z_sched_start
                0x000000000000b628       0x3c zephyr/kernel/libkernel.a(sched.c.obj)
                0x000000000000b628                z_sched_start
 .text.z_reschedule_irqlock
                0x000000000000b664       0x28 zephyr/kernel/libkernel.a(sched.c.obj)
                0x000000000000b664                z_reschedule_irqlock
 .text.k_sched_lock
                0x000000000000b68c       0x28 zephyr/kernel/libkernel.a(sched.c.obj)
                0x000000000000b68c                k_sched_lock
 .text.k_sched_unlock
                0x000000000000b6b4       0x40 zephyr/kernel/libkernel.a(sched.c.obj)
                0x000000000000b6b4                k_sched_unlock
 .text.z_sched_init
                0x000000000000b6f4       0x10 zephyr/kernel/libkernel.a(sched.c.obj)
                0x000000000000b6f4                z_sched_init
 .text.z_impl_k_yield
                0x000000000000b704       0x7c zephyr/kernel/libkernel.a(sched.c.obj)
                0x000000000000b704                z_impl_k_yield
 .text.z_tick_sleep
                0x000000000000b780       0x88 zephyr/kernel/libkernel.a(sched.c.obj)
 .text.z_impl_k_sleep
                0x000000000000b808       0x3c zephyr/kernel/libkernel.a(sched.c.obj)
                0x000000000000b808                z_impl_k_sleep
 .text.z_impl_k_sched_current_thread_query
                0x000000000000b844        0xc zephyr/kernel/libkernel.a(sched.c.obj)
                0x000000000000b844                z_impl_k_sched_current_thread_query
 .text.slice_timeout
                0x000000000000b850       0x20 zephyr/kernel/libkernel.a(timeslicing.c.obj)
 .text.thread_is_sliceable
                0x000000000000b870       0x3c zephyr/kernel/libkernel.a(timeslicing.c.obj)
                0x000000000000b870                thread_is_sliceable
 .text.z_reset_time_slice
                0x000000000000b8ac       0x50 zephyr/kernel/libkernel.a(timeslicing.c.obj)
                0x000000000000b8ac                z_reset_time_slice
 .text.z_time_slice
                0x000000000000b8fc       0x60 zephyr/kernel/libkernel.a(timeslicing.c.obj)
                0x000000000000b8fc                z_time_slice
 .text.z_data_copy
                0x000000000000b95c       0x34 zephyr/kernel/libkernel.a(xip.c.obj)
                0x000000000000b95c                z_data_copy
 .text.elapsed  0x000000000000b990       0x14 zephyr/kernel/libkernel.a(timeout.c.obj)
 .text.remove_timeout
                0x000000000000b9a4       0x38 zephyr/kernel/libkernel.a(timeout.c.obj)
 .text.next_timeout
                0x000000000000b9dc       0x40 zephyr/kernel/libkernel.a(timeout.c.obj)
 .text.z_add_timeout
                0x000000000000ba1c       0xf4 zephyr/kernel/libkernel.a(timeout.c.obj)
                0x000000000000ba1c                z_add_timeout
 .text.sys_clock_announce
                0x000000000000bb10       0xd0 zephyr/kernel/libkernel.a(timeout.c.obj)
                0x000000000000bb10                sys_clock_announce
 .text.sys_clock_tick_get
                0x000000000000bbe0       0x30 zephyr/kernel/libkernel.a(timeout.c.obj)
                0x000000000000bbe0                sys_clock_tick_get
 .text.k_thread_system_pool_assign
                0x000000000000bc10        0xc zephyr/kernel/libkernel.a(mempool.c.obj)
                0x000000000000bc10                k_thread_system_pool_assign
 .text.__l_vfprintf
                0x000000000000bc1c      0x4b4 /opt/nordic/ncs/toolchains/15b490767d/opt/zephyr-sdk/arm-zephyr-eabi/bin/../lib/gcc/../../picolibc/arm-zephyr-eabi/lib/thumb/v8-m.main/nofp/libc.a(libc_tinystdio_vflprintf.c.o)
                0x000000000000bc1c                __l_vfprintf
 .text._OffsetAbsSyms
                0x000000000000c0d0        0x2 zephyr/CMakeFiles/offsets.dir/./arch/arm/core/offsets/offsets.c.obj
                0x000000000000c0d0                _OffsetAbsSyms
 .text.uart_irq_rx_enable
                0x000000000000c0d2        0xa app/libapp.a(main.c.obj)
 .text.chunk_field
                0x000000000000c0dc       0x16 zephyr/libzephyr.a(heap.c.obj)
 .text.chunk_set
                0x000000000000c0f2       0x16 zephyr/libzephyr.a(heap.c.obj)
 .text.chunk_size
                0x000000000000c108        0xc zephyr/libzephyr.a(heap.c.obj)
 .text.set_chunk_used
                0x000000000000c114       0x30 zephyr/libzephyr.a(heap.c.obj)
 .text.set_chunk_size
                0x000000000000c144        0x8 zephyr/libzephyr.a(heap.c.obj)
 .text.bucket_idx.isra.0
                0x000000000000c14c       0x1c zephyr/libzephyr.a(heap.c.obj)
 .text.free_list_add
                0x000000000000c168       0x84 zephyr/libzephyr.a(heap.c.obj)
 .text.sys_heap_init
                0x000000000000c1ec       0xb0 zephyr/libzephyr.a(heap.c.obj)
                0x000000000000c1ec                sys_heap_init
 .text.arch_printk_char_out
                0x000000000000c29c        0x4 zephyr/libzephyr.a(printk.c.obj)
                0x000000000000c29c                arch_printk_char_out
 .text.printk   0x000000000000c2a0       0x1a zephyr/libzephyr.a(printk.c.obj)
                0x000000000000c2a0                printk
 .text.process_recheck
                0x000000000000c2ba       0x38 zephyr/libzephyr.a(onoff.c.obj)
 .text.validate_args
                0x000000000000c2f2       0x20 zephyr/libzephyr.a(onoff.c.obj)
 .text.notify_one
                0x000000000000c312       0x2c zephyr/libzephyr.a(onoff.c.obj)
 .text.transition_complete
                0x000000000000c33e       0x1a zephyr/libzephyr.a(onoff.c.obj)
 .text.onoff_manager_init
                0x000000000000c358       0x26 zephyr/libzephyr.a(onoff.c.obj)
                0x000000000000c358                onoff_manager_init
 .text.onoff_request
                0x000000000000c37e       0xae zephyr/libzephyr.a(onoff.c.obj)
                0x000000000000c37e                onoff_request
 .text.sys_notify_validate
                0x000000000000c42c       0x22 zephyr/libzephyr.a(notify.c.obj)
                0x000000000000c42c                sys_notify_validate
 .text.sys_notify_finalize
                0x000000000000c44e       0x1a zephyr/libzephyr.a(notify.c.obj)
                0x000000000000c44e                sys_notify_finalize
 .text._ConfigAbsSyms
                0x000000000000c468        0x2 zephyr/libzephyr.a(configs.c.obj)
                0x000000000000c468                _ConfigAbsSyms
 .text.z_arm_fatal_error
                0x000000000000c46a        0xc zephyr/arch/arch/arm/core/libarch__arm__core.a(fatal.c.obj)
                0x000000000000c46a                z_arm_fatal_error
 .text.z_do_kernel_oops
                0x000000000000c476        0x8 zephyr/arch/arch/arm/core/libarch__arm__core.a(fatal.c.obj)
                0x000000000000c476                z_do_kernel_oops
 .text.z_arm_nmi
                0x000000000000c47e        0xe zephyr/arch/arch/arm/core/libarch__arm__core.a(nmi.c.obj)
                0x000000000000c47e                z_arm_nmi
 .text.z_arm_save_fp_context
                0x000000000000c48c        0x2 zephyr/arch/arch/arm/core/cortex_m/libarch__arm__core__cortex_m.a(fpu.c.obj)
                0x000000000000c48c                z_arm_save_fp_context
 .text.z_arm_restore_fp_context
                0x000000000000c48e        0x2 zephyr/arch/arch/arm/core/cortex_m/libarch__arm__core__cortex_m.a(fpu.c.obj)
                0x000000000000c48e                z_arm_restore_fp_context
 .text.z_irq_spurious
                0x000000000000c490        0x8 zephyr/arch/arch/arm/core/cortex_m/libarch__arm__core__cortex_m.a(irq_manage.c.obj)
                0x000000000000c490                z_irq_spurious
 .text.configure_builtin_stack_guard
                0x000000000000c498        0x8 zephyr/arch/arch/arm/core/cortex_m/libarch__arm__core__cortex_m.a(thread.c.obj)
                0x000000000000c498                configure_builtin_stack_guard
 .text.arch_irq_unlock_outlined
                0x000000000000c4a0        0xe zephyr/arch/arch/arm/core/cortex_m/libarch__arm__core__cortex_m.a(thread.c.obj)
                0x000000000000c4a0                arch_irq_unlock_outlined
 .text.arch_cpu_idle
                0x000000000000c4ae       0x1a zephyr/arch/arch/arm/core/cortex_m/libarch__arm__core__cortex_m.a(cpu_idle.c.obj)
                0x000000000000c4ae                arch_cpu_idle
 .text.arch_cpu_atomic_idle
                0x000000000000c4c8       0x1e zephyr/arch/arch/arm/core/cortex_m/libarch__arm__core__cortex_m.a(cpu_idle.c.obj)
                0x000000000000c4c8                arch_cpu_atomic_idle
 .text.arm_cmse_mpu_region_get
                0x000000000000c4e6       0x12 zephyr/arch/arch/arm/core/cortex_m/cmse/libarch__arm__core__cortex_m__cmse.a(arm_core_cmse.c.obj)
                0x000000000000c4e6                arm_cmse_mpu_region_get
 .text.mpu_configure_region
                0x000000000000c4f8       0x32 zephyr/arch/arch/arm/core/mpu/libarch__arm__core__mpu.a(arm_mpu.c.obj)
 .text.picolibc_put
                0x000000000000c52a        0xa zephyr/lib/libc/picolibc/liblib__libc__picolibc.a(libc-hooks.c.obj)
 .text.gpio_pin_configure_dt.isra.0
                0x000000000000c534       0x2a zephyr/boards/actinius/icarus/actinius_common/libboards__actinius__common.a(actinius_board_common.c.obj)
 .text.get_status
                0x000000000000c55e       0x12 zephyr/drivers/clock_control/libdrivers__clock_control.a(clock_control_nrf.c.obj)
 .text.stop     0x000000000000c570       0x52 zephyr/drivers/clock_control/libdrivers__clock_control.a(clock_control_nrf.c.obj)
 .text.api_stop
                0x000000000000c5c2        0x6 zephyr/drivers/clock_control/libdrivers__clock_control.a(clock_control_nrf.c.obj)
 .text.async_start
                0x000000000000c5c8       0x5c zephyr/drivers/clock_control/libdrivers__clock_control.a(clock_control_nrf.c.obj)
 .text.api_start
                0x000000000000c624        0xe zephyr/drivers/clock_control/libdrivers__clock_control.a(clock_control_nrf.c.obj)
 .text.onoff_started_callback
                0x000000000000c632       0x12 zephyr/drivers/clock_control/libdrivers__clock_control.a(clock_control_nrf.c.obj)
 .text.lfclk_start
                0x000000000000c644        0x6 zephyr/drivers/clock_control/libdrivers__clock_control.a(clock_control_nrf.c.obj)
 .text.lfclk_stop
                0x000000000000c64a        0x6 zephyr/drivers/clock_control/libdrivers__clock_control.a(clock_control_nrf.c.obj)
 .text.blocking_start_callback
                0x000000000000c650        0x6 zephyr/drivers/clock_control/libdrivers__clock_control.a(clock_control_nrf.c.obj)
 .text.gpio_nrfx_port_get_raw
                0x000000000000c656        0xc zephyr/drivers/gpio/libdrivers__gpio.a(gpio_nrfx.c.obj)
 .text.gpio_nrfx_port_set_masked_raw
                0x000000000000c662       0x14 zephyr/drivers/gpio/libdrivers__gpio.a(gpio_nrfx.c.obj)
 .text.gpio_nrfx_port_set_bits_raw
                0x000000000000c676        0xa zephyr/drivers/gpio/libdrivers__gpio.a(gpio_nrfx.c.obj)
 .text.gpio_nrfx_port_clear_bits_raw
                0x000000000000c680        0xa zephyr/drivers/gpio/libdrivers__gpio.a(gpio_nrfx.c.obj)
 .text.gpio_nrfx_port_toggle_bits
                0x000000000000c68a       0x14 zephyr/drivers/gpio/libdrivers__gpio.a(gpio_nrfx.c.obj)
 .text.gpio_nrfx_manage_callback
                0x000000000000c69e       0x52 zephyr/drivers/gpio/libdrivers__gpio.a(gpio_nrfx.c.obj)
 .text.pinctrl_lookup_state
                0x000000000000c6f0       0x26 zephyr/drivers/pinctrl/libdrivers__pinctrl.a(common.c.obj)
                0x000000000000c6f0                pinctrl_lookup_state
 .text.uarte_nrfx_err_check
                0x000000000000c716        0xe zephyr/drivers/serial/libdrivers__serial.a(uart_nrfx_uarte.c.obj)
 .text.uarte_nrfx_poll_in
                0x000000000000c724       0x26 zephyr/drivers/serial/libdrivers__serial.a(uart_nrfx_uarte.c.obj)
 .text.uarte_nrfx_fifo_read
                0x000000000000c74a       0x28 zephyr/drivers/serial/libdrivers__serial.a(uart_nrfx_uarte.c.obj)
 .text.uarte_nrfx_irq_tx_enable
                0x000000000000c772       0x34 zephyr/drivers/serial/libdrivers__serial.a(uart_nrfx_uarte.c.obj)
 .text.uarte_nrfx_irq_tx_disable
                0x000000000000c7a6       0x10 zephyr/drivers/serial/libdrivers__serial.a(uart_nrfx_uarte.c.obj)
 .text.uarte_nrfx_irq_tx_ready_complete
                0x000000000000c7b6       0x1e zephyr/drivers/serial/libdrivers__serial.a(uart_nrfx_uarte.c.obj)
 .text.uarte_nrfx_irq_rx_ready
                0x000000000000c7d4       0x10 zephyr/drivers/serial/libdrivers__serial.a(uart_nrfx_uarte.c.obj)
 .text.uarte_nrfx_irq_rx_enable
                0x000000000000c7e4        0xc zephyr/drivers/serial/libdrivers__serial.a(uart_nrfx_uarte.c.obj)
 .text.uarte_nrfx_irq_rx_disable
                0x000000000000c7f0        0xc zephyr/drivers/serial/libdrivers__serial.a(uart_nrfx_uarte.c.obj)
 .text.uarte_nrfx_irq_err_enable
                0x000000000000c7fc        0xe zephyr/drivers/serial/libdrivers__serial.a(uart_nrfx_uarte.c.obj)
 .text.uarte_nrfx_irq_err_disable
                0x000000000000c80a        0xe zephyr/drivers/serial/libdrivers__serial.a(uart_nrfx_uarte.c.obj)
 .text.uarte_nrfx_irq_is_pending
                0x000000000000c818       0x36 zephyr/drivers/serial/libdrivers__serial.a(uart_nrfx_uarte.c.obj)
 .text.uarte_nrfx_irq_update
                0x000000000000c84e        0x4 zephyr/drivers/serial/libdrivers__serial.a(uart_nrfx_uarte.c.obj)
 .text.uarte_nrfx_irq_callback_set
                0x000000000000c852        0xc zephyr/drivers/serial/libdrivers__serial.a(uart_nrfx_uarte.c.obj)
 .text.is_tx_ready.isra.0
                0x000000000000c85e       0x20 zephyr/drivers/serial/libdrivers__serial.a(uart_nrfx_uarte.c.obj)
 .text.uarte_nrfx_isr_int
                0x000000000000c87e       0x82 zephyr/drivers/serial/libdrivers__serial.a(uart_nrfx_uarte.c.obj)
 .text.uarte_1_init
                0x000000000000c900       0x1e zephyr/drivers/serial/libdrivers__serial.a(uart_nrfx_uarte.c.obj)
 .text.uarte_0_init
                0x000000000000c91e       0x1e zephyr/drivers/serial/libdrivers__serial.a(uart_nrfx_uarte.c.obj)
 .text.uarte_nrfx_fifo_fill
                0x000000000000c93c       0x8a zephyr/drivers/serial/libdrivers__serial.a(uart_nrfx_uarte.c.obj)
 .text.event_clear
                0x000000000000c9c6       0x18 zephyr/drivers/timer/libdrivers__timer.a(nrf_rtc_timer.c.obj)
 .text.tfm_platform_ns_fault_set_handler
                0x000000000000c9de       0x4e modules/nrf/modules/trusted-firmware-m/libtfm_api_nrf.a(tfm_ioctl_ns_api.c.obj)
                0x000000000000c9de                tfm_platform_ns_fault_set_handler
 .text.ns_interface_init
                0x000000000000ca2c        0x4 modules/trusted-firmware-m/libtfm_api.a(interface.c.obj)
 .text.SystemInit
                0x000000000000ca30        0x2 modules/hal_nordic/nrfx/libmodules__hal_nordic__nrfx.a(system_nrf91.c.obj)
                0x000000000000ca30                SystemInit
 .text.nrfx_isr
                0x000000000000ca32        0x2 modules/hal_nordic/nrfx/libmodules__hal_nordic__nrfx.a(nrfx_glue.c.obj)
                0x000000000000ca32                nrfx_isr
 .text.nrfx_busy_wait
                0x000000000000ca34        0x4 modules/hal_nordic/nrfx/libmodules__hal_nordic__nrfx.a(nrfx_glue.c.obj)
                0x000000000000ca34                nrfx_busy_wait
 .text.nrfx_gppi_channel_endpoints_setup
                0x000000000000ca38        0xe modules/hal_nordic/nrfx/libmodules__hal_nordic__nrfx.a(nrfx_gppi_dppi.c.obj)
                0x000000000000ca38                nrfx_gppi_channel_endpoints_setup
 .text.nrfx_gppi_channel_alloc
                0x000000000000ca46        0x4 modules/hal_nordic/nrfx/libmodules__hal_nordic__nrfx.a(nrfx_gppi_dppi.c.obj)
                0x000000000000ca46                nrfx_gppi_channel_alloc
 .text.nrfx_clock_stop
                0x000000000000ca4a        0x4 modules/hal_nordic/nrfx/libmodules__hal_nordic__nrfx.a(nrfx_clock.c.obj)
                0x000000000000ca4a                nrfx_clock_stop
 .text.nrf_gpio_reconfigure
                0x000000000000ca4e       0x92 modules/hal_nordic/nrfx/libmodules__hal_nordic__nrfx.a(nrfx_gpiote.c.obj)
 .text.nrf_gpio_cfg_sense_set
                0x000000000000cae0       0x1e modules/hal_nordic/nrfx/libmodules__hal_nordic__nrfx.a(nrfx_gpiote.c.obj)
 .text.call_handler
                0x000000000000cafe       0x3a modules/hal_nordic/nrfx/libmodules__hal_nordic__nrfx.a(nrfx_gpiote.c.obj)
 .text.pin_trigger_disable
                0x000000000000cb38       0x4e modules/hal_nordic/nrfx/libmodules__hal_nordic__nrfx.a(nrfx_gpiote.c.obj)
 .text.nrfx_gpiote_pin_uninit
                0x000000000000cb86        0x4 modules/hal_nordic/nrfx/libmodules__hal_nordic__nrfx.a(nrfx_gpiote.c.obj)
                0x000000000000cb86                nrfx_gpiote_pin_uninit
 .text.nrfx_gpiote_trigger_disable
                0x000000000000cb8a        0x4 modules/hal_nordic/nrfx/libmodules__hal_nordic__nrfx.a(nrfx_gpiote.c.obj)
                0x000000000000cb8a                nrfx_gpiote_trigger_disable
 .text.z_impl_k_busy_wait
                0x000000000000cb8e        0x8 zephyr/kernel/libkernel.a(busy_wait.c.obj)
                0x000000000000cb8e                z_impl_k_busy_wait
 .text.z_device_state_init
                0x000000000000cb96        0x2 zephyr/kernel/libkernel.a(device.c.obj)
                0x000000000000cb96                z_device_state_init
 .text.z_impl_device_is_ready
                0x000000000000cb98       0x16 zephyr/kernel/libkernel.a(device.c.obj)
                0x000000000000cb98                z_impl_device_is_ready
 .text.arch_system_halt
                0x000000000000cbae       0x10 zephyr/kernel/libkernel.a(fatal.c.obj)
                0x000000000000cbae                arch_system_halt
 .text.k_sys_fatal_error_handler
                0x000000000000cbbe        0x6 zephyr/kernel/libkernel.a(fatal.c.obj)
                0x000000000000cbbe                k_sys_fatal_error_handler
 .text.do_device_init
                0x000000000000cbc4       0x30 zephyr/kernel/libkernel.a(init.c.obj)
 .text.z_early_memset
                0x000000000000cbf4        0x4 zephyr/kernel/libkernel.a(init.c.obj)
                0x000000000000cbf4                z_early_memset
 .text.z_early_memcpy
                0x000000000000cbf8        0x4 zephyr/kernel/libkernel.a(init.c.obj)
                0x000000000000cbf8                z_early_memcpy
 .text.z_init_static
                0x000000000000cbfc        0x2 zephyr/kernel/libkernel.a(init_static.c.obj)
                0x000000000000cbfc                z_init_static
 .text.k_heap_init
                0x000000000000cbfe       0x10 zephyr/kernel/libkernel.a(kheap.c.obj)
                0x000000000000cbfe                k_heap_init
 .text.idle     0x000000000000cc0e       0x16 zephyr/kernel/libkernel.a(idle.c.obj)
                0x000000000000cc0e                idle
 .text.adjust_owner_prio.isra.0
                0x000000000000cc24       0x10 zephyr/kernel/libkernel.a(mutex.c.obj)
 .text.k_is_in_isr
                0x000000000000cc34        0xc zephyr/kernel/libkernel.a(thread.c.obj)
                0x000000000000cc34                k_is_in_isr
 .text.z_impl_k_thread_start
                0x000000000000cc40        0x4 zephyr/kernel/libkernel.a(thread.c.obj)
                0x000000000000cc40                z_impl_k_thread_start
 .text.sys_dlist_remove
                0x000000000000cc44       0x10 zephyr/kernel/libkernel.a(sched.c.obj)
 .text.unpend_thread_no_timeout
                0x000000000000cc54       0x14 zephyr/kernel/libkernel.a(sched.c.obj)
 .text.add_to_waitq_locked
                0x000000000000cc68       0x50 zephyr/kernel/libkernel.a(sched.c.obj)
 .text.z_ready_thread
                0x000000000000ccb8       0x1e zephyr/kernel/libkernel.a(sched.c.obj)
                0x000000000000ccb8                z_ready_thread
 .text.z_impl_k_thread_suspend
                0x000000000000ccd6       0x34 zephyr/kernel/libkernel.a(sched.c.obj)
                0x000000000000ccd6                z_impl_k_thread_suspend
 .text.z_sched_wake_thread
                0x000000000000cd0a       0x42 zephyr/kernel/libkernel.a(sched.c.obj)
                0x000000000000cd0a                z_sched_wake_thread
 .text.z_thread_timeout
                0x000000000000cd4c        0x8 zephyr/kernel/libkernel.a(sched.c.obj)
                0x000000000000cd4c                z_thread_timeout
 .text.z_unpend_first_thread
                0x000000000000cd54       0x36 zephyr/kernel/libkernel.a(sched.c.obj)
                0x000000000000cd54                z_unpend_first_thread
 .text.z_thread_abort
                0x000000000000cd8a       0x44 zephyr/kernel/libkernel.a(sched.c.obj)
                0x000000000000cd8a                z_thread_abort
 .text.z_abort_timeout
                0x000000000000cdce       0x2a zephyr/kernel/libkernel.a(timeout.c.obj)
                0x000000000000cdce                z_abort_timeout
 .text.sys_clock_tick_get_32
                0x000000000000cdf8        0x8 zephyr/kernel/libkernel.a(timeout.c.obj)
                0x000000000000cdf8                sys_clock_tick_get_32
 .text.memcpy   0x000000000000ce00       0x1a /opt/nordic/ncs/toolchains/15b490767d/opt/zephyr-sdk/arm-zephyr-eabi/bin/../lib/gcc/../../picolibc/arm-zephyr-eabi/lib/thumb/v8-m.main/nofp/libc.a(memcpy.c.o)
                0x000000000000ce00                memcpy
                0x000000000000ce00                __aeabi_memcpy
                0x000000000000ce00                __aeabi_memcpy4
                0x000000000000ce00                __aeabi_memcpy8
 .text.memset   0x000000000000ce1a       0x10 /opt/nordic/ncs/toolchains/15b490767d/opt/zephyr-sdk/arm-zephyr-eabi/bin/../lib/gcc/../../picolibc/arm-zephyr-eabi/lib/thumb/v8-m.main/nofp/libc.a(memset.c.o)
                0x000000000000ce1a                memset
 .text.strnlen  0x000000000000ce2a       0x18 /opt/nordic/ncs/toolchains/15b490767d/opt/zephyr-sdk/arm-zephyr-eabi/bin/../lib/gcc/../../picolibc/arm-zephyr-eabi/lib/thumb/v8-m.main/nofp/libc.a(libc_string_strnlen.c.o)
                0x000000000000ce2a                strnlen
 .text.__ultoa_invert
                0x000000000000ce42       0xac /opt/nordic/ncs/toolchains/15b490767d/opt/zephyr-sdk/arm-zephyr-eabi/bin/../lib/gcc/../../picolibc/arm-zephyr-eabi/lib/thumb/v8-m.main/nofp/libc.a(libc_tinystdio_vflprintf.c.o)
 *(SORT_BY_ALIGNMENT(.TEXT.*))
 *fill*         0x000000000000ceee        0x2 
 .TEXT.__aeabi_read_tp
                0x000000000000cef0        0xc zephyr/arch/arch/arm/core/cortex_m/libarch__arm__core__cortex_m.a(__aeabi_read_tp.S.obj)
                0x000000000000cef0                __aeabi_read_tp
 *(SORT_BY_ALIGNMENT(.gnu.linkonce.t.*))
 *(SORT_BY_ALIGNMENT(.glue_7t))
 .glue_7t       0x000000000000cefc        0x0 linker stubs
 *(SORT_BY_ALIGNMENT(.glue_7))
 .glue_7        0x000000000000cefc        0x0 linker stubs
 *(SORT_BY_ALIGNMENT(.vfp11_veneer))
 .vfp11_veneer  0x000000000000cefc        0x0 linker stubs
 *(SORT_BY_ALIGNMENT(.v4_bx))
 .v4_bx         0x000000000000cefc        0x0 linker stubs
                0x000000000000cefc                . = ALIGN (0x4)
                0x000000000000cefc                __text_region_end = .

.ARM.exidx      0x000000000000cefc        0x8
                0x000000000000cefc                __exidx_start = .
 *(SORT_BY_ALIGNMENT(.ARM.exidx*) SORT_BY_ALIGNMENT(gnu.linkonce.armexidx.*))
 .ARM.exidx     0x000000000000cefc        0x8 /opt/nordic/ncs/toolchains/15b490767d/opt/zephyr-sdk/arm-zephyr-eabi/bin/../lib/gcc/../../picolibc/arm-zephyr-eabi/lib/thumb/v8-m.main/nofp/libc.a(strlen.S.o)
                0x000000000000cf04                __exidx_end = .
                0x000000000000cf04                __rodata_region_start = .

initlevel       0x000000000000cf04       0x68
                0x000000000000cf04                __init_start = .
                0x000000000000cf04                __init_EARLY_start = .
 *(SORT_BY_NAME(SORT_BY_ALIGNMENT(.z_init_EARLY?_*)))
 *(SORT_BY_NAME(SORT_BY_ALIGNMENT(.z_init_EARLY??_*)))
                0x000000000000cf04                __init_PRE_KERNEL_1_start = .
 *(SORT_BY_NAME(SORT_BY_ALIGNMENT(.z_init_PRE_KERNEL_1?_*)))
 .z_init_PRE_KERNEL_10_0_
                0x000000000000cf04        0x8 zephyr/soc/soc/nrf9160/libsoc__nordic.a(soc.c.obj)
 .z_init_PRE_KERNEL_10_0_
                0x000000000000cf0c        0x8 modules/nrf/modules/trusted-firmware-m/lib..__nrf__modules__trusted-firmware-m.a(fault.c.obj)
 *(SORT_BY_NAME(SORT_BY_ALIGNMENT(.z_init_PRE_KERNEL_1??_*)))
 .z_init_PRE_KERNEL_130_00063_
                0x000000000000cf14        0x8 zephyr/drivers/clock_control/libdrivers__clock_control.a(clock_control_nrf.c.obj)
 .z_init_PRE_KERNEL_130_0_
                0x000000000000cf1c        0x8 zephyr/kernel/libkernel.a(kheap.c.obj)
 .z_init_PRE_KERNEL_140_00006_
                0x000000000000cf24        0x8 zephyr/drivers/gpio/libdrivers__gpio.a(gpio_nrfx.c.obj)
 .z_init_PRE_KERNEL_150_00089_
                0x000000000000cf2c        0x8 zephyr/drivers/serial/libdrivers__serial.a(uart_nrfx_uarte.c.obj)
 .z_init_PRE_KERNEL_150_00090_
                0x000000000000cf34        0x8 zephyr/drivers/serial/libdrivers__serial.a(uart_nrfx_uarte.c.obj)
 .z_init_PRE_KERNEL_160_0_
                0x000000000000cf3c        0x8 zephyr/drivers/console/libdrivers__console.a(uart_console.c.obj)
                0x000000000000cf44                __init_PRE_KERNEL_2_start = .
 *(SORT_BY_NAME(SORT_BY_ALIGNMENT(.z_init_PRE_KERNEL_2?_*)))
 .z_init_PRE_KERNEL_20_0_
                0x000000000000cf44        0x8 zephyr/drivers/timer/libdrivers__timer.a(nrf_rtc_timer.c.obj)
 *(SORT_BY_NAME(SORT_BY_ALIGNMENT(.z_init_PRE_KERNEL_2??_*)))
                0x000000000000cf4c                __init_POST_KERNEL_start = .
 *(SORT_BY_NAME(SORT_BY_ALIGNMENT(.z_init_POST_KERNEL?_*)))
 .z_init_POST_KERNEL0_0_
                0x000000000000cf4c        0x8 modules/nrf/lib/nrf_modem_lib/lib..__nrf__lib__nrf_modem_lib.a(nrf_modem_os.c.obj)
 *(SORT_BY_NAME(SORT_BY_ALIGNMENT(.z_init_POST_KERNEL??_*)))
 .z_init_POST_KERNEL35_0_
                0x000000000000cf54        0x8 zephyr/lib/libc/common/liblib__libc__common.a(malloc.c.obj)
 .z_init_POST_KERNEL40_0_
                0x000000000000cf5c        0x8 modules/trusted-firmware-m/libtfm_api.a(interface.c.obj)
 .z_init_POST_KERNEL99_0_
                0x000000000000cf64        0x8 zephyr/boards/actinius/icarus/actinius_common/libboards__actinius__common.a(actinius_board_common.c.obj)
                0x000000000000cf6c                __init_APPLICATION_start = .
 *(SORT_BY_NAME(SORT_BY_ALIGNMENT(.z_init_APPLICATION?_*)))
 *(SORT_BY_NAME(SORT_BY_ALIGNMENT(.z_init_APPLICATION??_*)))
                0x000000000000cf6c                __init_SMP_start = .
 *(SORT_BY_NAME(SORT_BY_ALIGNMENT(.z_init_SMP?_*)))
 *(SORT_BY_NAME(SORT_BY_ALIGNMENT(.z_init_SMP??_*)))
                0x000000000000cf6c                __init_end = .
                0x000000000000cf6c                __deferred_init_list_start = .
 *(SORT_BY_ALIGNMENT(.z_deferred_init*))
                0x000000000000cf6c                __deferred_init_list_end = .

device_area     0x000000000000cf6c       0x50
                0x000000000000cf6c                _device_list_start = .
 *(SORT_BY_NAME(SORT_BY_ALIGNMENT(._device.static.*_?_*)))
 *(SORT_BY_NAME(SORT_BY_ALIGNMENT(._device.static.*_??_*)))
 ._device.static.1_30_
                0x000000000000cf6c       0x14 zephyr/drivers/clock_control/libdrivers__clock_control.a(clock_control_nrf.c.obj)
                0x000000000000cf6c                __device_dts_ord_63
 ._device.static.1_40_
                0x000000000000cf80       0x14 zephyr/drivers/gpio/libdrivers__gpio.a(gpio_nrfx.c.obj)
                0x000000000000cf80                __device_dts_ord_6
 ._device.static.1_50_
                0x000000000000cf94       0x28 zephyr/drivers/serial/libdrivers__serial.a(uart_nrfx_uarte.c.obj)
                0x000000000000cf94                __device_dts_ord_90
                0x000000000000cfa8                __device_dts_ord_89
                0x000000000000cfbc                _device_list_end = .

sw_isr_table    0x000000000000cfbc      0x208
                0x000000000000cfbc                . = ALIGN (0x4)
 *(SORT_BY_ALIGNMENT(.gnu.linkonce.sw_isr_table*))
 .gnu.linkonce.sw_isr_table
                0x000000000000cfbc      0x208 zephyr/arch/common/libisr_tables.a(isr_tables.c.obj)
                0x000000000000cfbc                _sw_isr_table

initlevel_error
                0x000000000000cf04        0x0
 *(SORT_BY_NAME(SORT_BY_ALIGNMENT(.z_init_[_A-Z0-9]*)))
                0x0000000000000001                ASSERT ((SIZEOF (initlevel_error) == 0x0), Undefined initialization levels used.)

app_shmem_regions
                0x000000000000d1c4        0x0
                0x000000000000d1c4                __app_shmem_regions_start = .
 *(SORT_BY_NAME(SORT_BY_ALIGNMENT(.app_regions.*)))
                0x000000000000d1c4                __app_shmem_regions_end = .

k_p4wq_initparam_area
                0x000000000000d1c4        0x0
                0x000000000000d1c4                _k_p4wq_initparam_list_start = .
 *(SORT_BY_NAME(SORT_BY_ALIGNMENT(._k_p4wq_initparam.static.*)))
                0x000000000000d1c4                _k_p4wq_initparam_list_end = .

_static_thread_data_area
                0x000000000000d1c4        0x0
                0x000000000000d1c4                __static_thread_data_list_start = .
 *(SORT_BY_NAME(SORT_BY_ALIGNMENT(.__static_thread_data.static.*)))
                0x000000000000d1c4                __static_thread_data_list_end = .

device_deps     0x000000000000d1c4        0x0
                0x000000000000d1c4                __device_deps_start = .
 *(SORT_BY_NAME(SORT_BY_ALIGNMENT(.__device_deps_pass2*)))
                0x000000000000d1c4                __device_deps_end = .

ztest           0x000000000000d1c4        0x0
                0x000000000000d1c4                _ztest_expected_result_entry_list_start = .
 *(SORT_BY_NAME(SORT_BY_ALIGNMENT(._ztest_expected_result_entry.static.*)))
                0x000000000000d1c4                _ztest_expected_result_entry_list_end = .
                0x000000000000d1c4                _ztest_suite_node_list_start = .
 *(SORT_BY_NAME(SORT_BY_ALIGNMENT(._ztest_suite_node.static.*)))
                0x000000000000d1c4                _ztest_suite_node_list_end = .
                0x000000000000d1c4                _ztest_unit_test_list_start = .
 *(SORT_BY_NAME(SORT_BY_ALIGNMENT(._ztest_unit_test.static.*)))
                0x000000000000d1c4                _ztest_unit_test_list_end = .
                0x000000000000d1c4                _ztest_test_rule_list_start = .
 *(SORT_BY_NAME(SORT_BY_ALIGNMENT(._ztest_test_rule.static.*)))
                0x000000000000d1c4                _ztest_test_rule_list_end = .

init_array      0x000000000000d1c4        0x0
 *(SORT_BY_NAME(SORT_BY_ALIGNMENT(.ctors*)))
 *(SORT_BY_NAME(SORT_BY_ALIGNMENT(.init_array*)))
                0x0000000000000001                ASSERT ((SIZEOF (init_array) == 0x0), GNU-style constructors required but STATIC_INIT_GNU not enabled)

bt_l2cap_fixed_chan_area
                0x000000000000d1c4        0x0
                0x000000000000d1c4                _bt_l2cap_fixed_chan_list_start = .
 *(SORT_BY_NAME(SORT_BY_ALIGNMENT(._bt_l2cap_fixed_chan.static.*)))
                0x000000000000d1c4                _bt_l2cap_fixed_chan_list_end = .

bt_gatt_service_static_area
                0x000000000000d1c4        0x0
                0x000000000000d1c4                _bt_gatt_service_static_list_start = .
 *(SORT_BY_NAME(SORT_BY_ALIGNMENT(._bt_gatt_service_static.static.*)))
                0x000000000000d1c4                _bt_gatt_service_static_list_end = .

log_strings_area
                0x000000000000d1c4        0x0
                0x000000000000d1c4                _log_strings_list_start = .
 *(SORT_BY_NAME(SORT_BY_ALIGNMENT(._log_strings.static.*)))
                0x000000000000d1c4                _log_strings_list_end = .

log_const_area  0x000000000000d1c4        0x0
                0x000000000000d1c4                _log_const_list_start = .
 *(SORT_BY_NAME(SORT_BY_ALIGNMENT(._log_const.static.*)))
                0x000000000000d1c4                _log_const_list_end = .

log_backend_area
                0x000000000000d1c4        0x0
                0x000000000000d1c4                _log_backend_list_start = .
 *(SORT_BY_NAME(SORT_BY_ALIGNMENT(._log_backend.static.*)))
                0x000000000000d1c4                _log_backend_list_end = .

log_link_area   0x000000000000d1c4        0x0
                0x000000000000d1c4                _log_link_list_start = .
 *(SORT_BY_NAME(SORT_BY_ALIGNMENT(._log_link.static.*)))
                0x000000000000d1c4                _log_link_list_end = .

tracing_backend_area
                0x000000000000d1c4        0x0
                0x000000000000d1c4                _tracing_backend_list_start = .
 *(SORT_BY_NAME(SORT_BY_ALIGNMENT(._tracing_backend.static.*)))
                0x000000000000d1c4                _tracing_backend_list_end = .

zephyr_dbg_info
 *(SORT_BY_ALIGNMENT(.dbg_thread_info))

intc_table_area
                0x000000000000d1c4        0x0
                0x000000000000d1c4                _intc_table_list_start = .
 *(SORT_BY_NAME(SORT_BY_ALIGNMENT(._intc_table.static.*)))
                0x000000000000d1c4                _intc_table_list_end = .

symbol_to_keep  0x000000000000d1c4        0x0
                0x000000000000d1c4                __symbol_to_keep_start = .
 *(SORT_BY_NAME(SORT_BY_ALIGNMENT(.symbol_to_keep*)))
                0x000000000000d1c4                __symbol_to_keep_end = .

shell_area      0x000000000000d1c4        0x0
                0x000000000000d1c4                _shell_list_start = .
 *(SORT_BY_NAME(SORT_BY_ALIGNMENT(._shell.static.*)))
                0x000000000000d1c4                _shell_list_end = .

shell_root_cmds_area
                0x000000000000d1c4        0x0
                0x000000000000d1c4                _shell_root_cmds_list_start = .
 *(SORT_BY_NAME(SORT_BY_ALIGNMENT(._shell_root_cmds.static.*)))
                0x000000000000d1c4                _shell_root_cmds_list_end = .

shell_subcmds_area
                0x000000000000d1c4        0x0
                0x000000000000d1c4                _shell_subcmds_list_start = .
 *(SORT_BY_NAME(SORT_BY_ALIGNMENT(._shell_subcmds.static.*)))
                0x000000000000d1c4                _shell_subcmds_list_end = .

shell_dynamic_subcmds_area
                0x000000000000d1c4        0x0
                0x000000000000d1c4                _shell_dynamic_subcmds_list_start = .
 *(SORT_BY_NAME(SORT_BY_ALIGNMENT(._shell_dynamic_subcmds.static.*)))
                0x000000000000d1c4                _shell_dynamic_subcmds_list_end = .

cfb_font_area   0x000000000000d1c4        0x0
                0x000000000000d1c4                _cfb_font_list_start = .
 *(SORT_BY_NAME(SORT_BY_ALIGNMENT(._cfb_font.static.*)))
                0x000000000000d1c4                _cfb_font_list_end = .

tdata           0x000000000000d1c4        0x0
 *(SORT_BY_ALIGNMENT(.tdata) SORT_BY_ALIGNMENT(.tdata.*) SORT_BY_ALIGNMENT(.gnu.linkonce.td.*))

tbss            0x000000000000d1c4        0x4
 *(SORT_BY_ALIGNMENT(.tbss) SORT_BY_ALIGNMENT(.tbss.*) SORT_BY_ALIGNMENT(.gnu.linkonce.tb.*) SORT_BY_ALIGNMENT(.tcommon))
 .tbss.z_tls_current
                0x000000000000d1c4        0x4 zephyr/libzephyr.a(thread_entry.c.obj)
                0x000000000000d1c4                z_tls_current
                0x000000000000d1c4                PROVIDE (__tdata_start = LOADADDR (tdata))
                0x0000000000000001                PROVIDE (__tdata_align = ALIGNOF (tdata))
                0x0000000000000000                PROVIDE (__tdata_size = (((SIZEOF (tdata) + __tdata_align) - 0x1) & ~ ((__tdata_align - 0x1))))
                [!provide]                        PROVIDE (__tdata_end = (__tdata_start + __tdata_size))
                0x0000000000000004                PROVIDE (__tbss_align = ALIGNOF (tbss))
                [!provide]                        PROVIDE (__tbss_start = ADDR (tbss))
                0x0000000000000004                PROVIDE (__tbss_size = (((SIZEOF (tbss) + __tbss_align) - 0x1) & ~ ((__tbss_align - 0x1))))
                [!provide]                        PROVIDE (__tbss_end = (__tbss_start + __tbss_size))
                [!provide]                        PROVIDE (__tls_start = __tdata_start)
                [!provide]                        PROVIDE (__tls_end = __tbss_end)
                [!provide]                        PROVIDE (__tls_size = (__tbss_end - __tdata_start))

rodata          0x000000000000d1d0      0x390
 *(SORT_BY_ALIGNMENT(.rodata))
 .rodata        0x000000000000d1d0       0x10 zephyr/boards/actinius/icarus/actinius_common/libboards__actinius__common.a(actinius_board_common.c.obj)
 *(SORT_BY_ALIGNMENT(.rodata.*))
 .rodata.delay_machine_code.0
                0x000000000000d1e0        0x6 zephyr/soc/soc/nrf9160/libsoc__nordic.a(soc.c.obj)
 *fill*         0x000000000000d1e6        0x2 
 .rodata.mem_attr_region
                0x000000000000d1e8        0x0 zephyr/libzephyr.a(mem_attr.c.obj)
 .rodata.static_regions
                0x000000000000d1e8        0xc zephyr/arch/arch/arm/core/mpu/libarch__arm__core__mpu.a(arm_core_mpu.c.obj)
 .rodata.mpu_config
                0x000000000000d1f4        0x8 zephyr/arch/arch/arm/core/mpu/libarch__arm__core__mpu.a(arm_mpu_regions.c.obj)
                0x000000000000d1f4                mpu_config
 .rodata.mpu_regions
                0x000000000000d1fc       0x20 zephyr/arch/arch/arm/core/mpu/libarch__arm__core__mpu.a(arm_mpu_regions.c.obj)
 .rodata.transitions.0
                0x000000000000d21c        0xc zephyr/drivers/clock_control/libdrivers__clock_control.a(clock_control_nrf.c.obj)
 .rodata.config
                0x000000000000d228       0x10 zephyr/drivers/clock_control/libdrivers__clock_control.a(clock_control_nrf.c.obj)
 .rodata.clock_control_api
                0x000000000000d238       0x1c zephyr/drivers/clock_control/libdrivers__clock_control.a(clock_control_nrf.c.obj)
 .rodata.gpio_nrfx_p0_cfg
                0x000000000000d254       0x18 zephyr/drivers/gpio/libdrivers__gpio.a(gpio_nrfx.c.obj)
 .rodata.gpio_nrfx_drv_api_funcs
                0x000000000000d26c       0x24 zephyr/drivers/gpio/libdrivers__gpio.a(gpio_nrfx.c.obj)
 .rodata.uarte_1z_config
                0x000000000000d290       0x20 zephyr/drivers/serial/libdrivers__serial.a(uart_nrfx_uarte.c.obj)
 .rodata.__pinctrl_dev_config__device_dts_ord_90
                0x000000000000d2b0        0xc zephyr/drivers/serial/libdrivers__serial.a(uart_nrfx_uarte.c.obj)
 .rodata.__pinctrl_states__device_dts_ord_90
                0x000000000000d2bc        0x8 zephyr/drivers/serial/libdrivers__serial.a(uart_nrfx_uarte.c.obj)
 .rodata.__pinctrl_state_pins_0__device_dts_ord_90
                0x000000000000d2c4        0x8 zephyr/drivers/serial/libdrivers__serial.a(uart_nrfx_uarte.c.obj)
 .rodata.uarte_0z_config
                0x000000000000d2cc       0x20 zephyr/drivers/serial/libdrivers__serial.a(uart_nrfx_uarte.c.obj)
 .rodata.__pinctrl_dev_config__device_dts_ord_89
                0x000000000000d2ec        0xc zephyr/drivers/serial/libdrivers__serial.a(uart_nrfx_uarte.c.obj)
 .rodata.__pinctrl_states__device_dts_ord_89
                0x000000000000d2f8        0x8 zephyr/drivers/serial/libdrivers__serial.a(uart_nrfx_uarte.c.obj)
 .rodata.__pinctrl_state_pins_0__device_dts_ord_89
                0x000000000000d300        0x8 zephyr/drivers/serial/libdrivers__serial.a(uart_nrfx_uarte.c.obj)
 .rodata.uart_nrfx_uarte_driver_api
                0x000000000000d308       0x44 zephyr/drivers/serial/libdrivers__serial.a(uart_nrfx_uarte.c.obj)
 .rodata.levels.0
                0x000000000000d34c       0x18 zephyr/kernel/libkernel.a(init.c.obj)
 .rodata.main.str1.1
                0x000000000000d364      0x13a app/libapp.a(main.c.obj)
                                        0x13d (size before relaxing)
 .rodata.boot_banner.str1.1
                0x000000000000d49e       0x63 zephyr/libzephyr.a(banner.c.obj)
 .rodata.str1.1
                0x000000000000d501        0xf zephyr/arch/arch/arm/core/mpu/libarch__arm__core__mpu.a(arm_mpu_regions.c.obj)
 .rodata.str1.1
                0x000000000000d510        0xb zephyr/drivers/clock_control/libdrivers__clock_control.a(clock_control_nrf.c.obj)
 .rodata.str1.1
                0x000000000000d51b        0xc zephyr/drivers/gpio/libdrivers__gpio.a(gpio_nrfx.c.obj)
 .rodata.drive_modes
                0x000000000000d527        0x8 zephyr/drivers/pinctrl/libdrivers__pinctrl.a(pinctrl_nrf.c.obj)
 .rodata.str1.1
                0x000000000000d52f       0x14 zephyr/drivers/serial/libdrivers__serial.a(uart_nrfx_uarte.c.obj)
 .rodata.z_cstart.str1.1
                0x000000000000d543        0x5 zephyr/kernel/libkernel.a(init.c.obj)
 .rodata.__l_vfprintf.str1.1
                0x000000000000d548        0xf /opt/nordic/ncs/toolchains/15b490767d/opt/zephyr-sdk/arm-zephyr-eabi/bin/../lib/gcc/../../picolibc/arm-zephyr-eabi/lib/thumb/v8-m.main/nofp/libc.a(libc_tinystdio_vflprintf.c.o)
 *(SORT_BY_ALIGNMENT(.gnu.linkonce.r.*))
                0x000000000000d558                . = ALIGN (0x4)
 *fill*         0x000000000000d557        0x1 
                0x000000000000d558                _nrf_modem_lib_at_cfun_cb_list_start = .
 *(SORT_BY_NAME(SORT_BY_ALIGNMENT(._nrf_modem_lib_at_cfun_cb.*)))
                0x000000000000d558                _nrf_modem_lib_at_cfun_cb_list_end = .
                0x000000000000d558                . = ALIGN (0x4)
                0x000000000000d558                _nrf_modem_lib_dfu_cb_list_start = .
 *(SORT_BY_NAME(SORT_BY_ALIGNMENT(._nrf_modem_lib_dfu_cb.*)))
                0x000000000000d558                _nrf_modem_lib_dfu_cb_list_end = .
                0x000000000000d558                _nrf_modem_lib_init_cb_list_start = .
 *(SORT_BY_NAME(SORT_BY_ALIGNMENT(._nrf_modem_lib_init_cb.*)))
 ._nrf_modem_lib_init_cb.static.nrf_modem_hook_cfun_init_hook_
                0x000000000000d558        0x8 modules/nrf/lib/nrf_modem_lib/lib..__nrf__lib__nrf_modem_lib.a(cfun_hooks.c.obj)
                0x000000000000d558                nrf_modem_hook_cfun_init_hook
                0x000000000000d560                _nrf_modem_lib_init_cb_list_end = .
                0x000000000000d560                _nrf_modem_lib_shutdown_cb_list_start = .
 *(SORT_BY_NAME(SORT_BY_ALIGNMENT(._nrf_modem_lib_shutdown_cb.*)))
                0x000000000000d560                _nrf_modem_lib_shutdown_cb_list_end = .
                0x000000000000d560                . = ALIGN (0x4)
                0x000000000000d560                __rodata_region_end = .
                0x000000000000d560                . = ALIGN (_region_min_align)
                0x000000000000d560                __rom_region_end = ((__rom_region_start + .) - ADDR (rom_start))

/DISCARD/
 *(SORT_BY_ALIGNMENT(.got.plt))
 *(SORT_BY_ALIGNMENT(.igot.plt))
 *(SORT_BY_ALIGNMENT(.got))
 *(SORT_BY_ALIGNMENT(.igot))
                0x000000002000c568                . = 0x2000c568
                0x000000002000c580                . = ALIGN (_region_min_align)
                0x000000002000c580                _image_ram_start = .

.ramfunc        0x000000002000c568       0x18 load address 0x000000000000d560
                0x000000002000c580                . = ALIGN (_region_min_align)
 *fill*         0x000000002000c568       0x18 
                0x000000002000c580                __ramfunc_start = .
 *(SORT_BY_ALIGNMENT(.ramfunc))
 *(SORT_BY_ALIGNMENT(.ramfunc.*))
                0x000000002000c580                . = ALIGN (_region_min_align)
                0x000000002000c580                __ramfunc_end = .
                0x0000000000000000                __ramfunc_size = (__ramfunc_end - __ramfunc_start)
                0x000000000000d560                __ramfunc_load_start = LOADADDR (.ramfunc)

datas           0x000000002000c580      0x130 load address 0x000000000000d578
                0x000000002000c580                __data_region_start = .
                0x000000002000c580                __data_start = .
 *(SORT_BY_ALIGNMENT(.data))
 *(SORT_BY_ALIGNMENT(.data.*))
 .data._char_out
                0x000000002000c580        0x4 zephyr/libzephyr.a(printk.c.obj)
 .data.__stdout
                0x000000002000c584       0x10 zephyr/lib/libc/picolibc/liblib__libc__picolibc.a(libc-hooks.c.obj)
 .data.uarte_1_data
                0x000000002000c594       0x10 zephyr/drivers/serial/libdrivers__serial.a(uart_nrfx_uarte.c.obj)
 .data.uarte1_int_driven
                0x000000002000c5a4       0x14 zephyr/drivers/serial/libdrivers__serial.a(uart_nrfx_uarte.c.obj)
 .data.uarte_0_data
                0x000000002000c5b8       0x10 zephyr/drivers/serial/libdrivers__serial.a(uart_nrfx_uarte.c.obj)
 .data.uarte0_int_driven
                0x000000002000c5c8       0x14 zephyr/drivers/serial/libdrivers__serial.a(uart_nrfx_uarte.c.obj)
 .data.m_allocated_channels
                0x000000002000c5dc        0x4 modules/hal_nordic/nrfx/libmodules__hal_nordic__nrfx.a(nrfx_dppi.c.obj)
 .data.m_cb     0x000000002000c5e0       0xc8 modules/hal_nordic/nrfx/libmodules__hal_nordic__nrfx.a(nrfx_gpiote.c.obj)
 .data.timeout_list
                0x000000002000c6a8        0x8 zephyr/kernel/libkernel.a(timeout.c.obj)
 *(SORT_BY_ALIGNMENT(.kernel.*))
                0x000000002000c6b0                __data_end = .
                0x0000000000000130                __data_size = (__data_end - __data_start)
                0x000000000000d578                __data_load_start = LOADADDR (datas)
                0x000000000000d578                __data_region_load_start = LOADADDR (datas)

device_states   0x000000002000c6b0        0x8 load address 0x000000000000d6a8
                0x000000002000c6b0                __device_states_start = .
 *(SORT_BY_ALIGNMENT(.z_devstate))
 .z_devstate    0x000000002000c6b0        0x2 zephyr/drivers/clock_control/libdrivers__clock_control.a(clock_control_nrf.c.obj)
 .z_devstate    0x000000002000c6b2        0x2 zephyr/drivers/gpio/libdrivers__gpio.a(gpio_nrfx.c.obj)
 .z_devstate    0x000000002000c6b4        0x4 zephyr/drivers/serial/libdrivers__serial.a(uart_nrfx_uarte.c.obj)
 *(SORT_BY_ALIGNMENT(.z_devstate.*))
                0x000000002000c6b8                __device_states_end = .

log_mpsc_pbuf_area
                0x000000002000c6b8        0x0 load address 0x000000000000d6b0
                0x000000002000c6b8                _log_mpsc_pbuf_list_start = .
 *(SORT_BY_NAME(SORT_BY_ALIGNMENT(._log_mpsc_pbuf.static.*)))
                0x000000002000c6b8                _log_mpsc_pbuf_list_end = .

log_msg_ptr_area
                0x000000002000c6b8        0x0 load address 0x000000000000d6b0
                0x000000002000c6b8                _log_msg_ptr_list_start = .
 *(SORT_BY_NAME(SORT_BY_ALIGNMENT(._log_msg_ptr.static.*)))
                0x000000002000c6b8                _log_msg_ptr_list_end = .

log_dynamic_area
                0x000000002000c6b8        0x0 load address 0x000000000000d6b0
                0x000000002000c6b8                _log_dynamic_list_start = .
 *(SORT_BY_NAME(SORT_BY_ALIGNMENT(._log_dynamic.static.*)))
                0x000000002000c6b8                _log_dynamic_list_end = .

k_timer_area    0x000000002000c6b8        0x0 load address 0x000000000000d6b0
                0x000000002000c6b8                _k_timer_list_start = .
 *(SORT_BY_NAME(SORT_BY_ALIGNMENT(._k_timer.static.*)))
                0x000000002000c6b8                _k_timer_list_end = .

k_mem_slab_area
                0x000000002000c6b8        0x0 load address 0x000000000000d6b0
                0x000000002000c6b8                _k_mem_slab_list_start = .
 *(SORT_BY_NAME(SORT_BY_ALIGNMENT(._k_mem_slab.static.*)))
                0x000000002000c6b8                _k_mem_slab_list_end = .

k_heap_area     0x000000002000c6b8       0x14 load address 0x000000000000d6b0
                0x000000002000c6b8                _k_heap_list_start = .
 *(SORT_BY_NAME(SORT_BY_ALIGNMENT(._k_heap.static.*)))
 ._k_heap.static._system_heap_
                0x000000002000c6b8       0x14 zephyr/kernel/libkernel.a(mempool.c.obj)
                0x000000002000c6b8                _system_heap
                0x000000002000c6cc                _k_heap_list_end = .

k_mutex_area    0x000000002000c6cc       0x14 load address 0x000000000000d6c4
                0x000000002000c6cc                _k_mutex_list_start = .
 *(SORT_BY_NAME(SORT_BY_ALIGNMENT(._k_mutex.static.*)))
 ._k_mutex.static.tfm_mutex_
                0x000000002000c6cc       0x14 modules/trusted-firmware-m/libtfm_api.a(interface.c.obj)
                0x000000002000c6cc                tfm_mutex
                0x000000002000c6e0                _k_mutex_list_end = .

k_stack_area    0x000000002000c6e0        0x0 load address 0x000000000000d6d8
                0x000000002000c6e0                _k_stack_list_start = .
 *(SORT_BY_NAME(SORT_BY_ALIGNMENT(._k_stack.static.*)))
                0x000000002000c6e0                _k_stack_list_end = .

k_msgq_area     0x000000002000c6e0       0x50 load address 0x000000000000d6d8
                0x000000002000c6e0                _k_msgq_list_start = .
 *(SORT_BY_NAME(SORT_BY_ALIGNMENT(._k_msgq.static.*)))
 ._k_msgq.static.uart0_msgq_
                0x000000002000c6e0       0x28 app/libapp.a(main.c.obj)
                0x000000002000c6e0                uart0_msgq
 ._k_msgq.static.uart1_msgq_
                0x000000002000c708       0x28 app/libapp.a(main.c.obj)
                0x000000002000c708                uart1_msgq
                0x000000002000c730                _k_msgq_list_end = .

k_mbox_area     0x000000002000c730        0x0 load address 0x000000000000d728
                0x000000002000c730                _k_mbox_list_start = .
 *(SORT_BY_NAME(SORT_BY_ALIGNMENT(._k_mbox.static.*)))
                0x000000002000c730                _k_mbox_list_end = .

k_pipe_area     0x000000002000c730        0x0 load address 0x000000000000d728
                0x000000002000c730                _k_pipe_list_start = .
 *(SORT_BY_NAME(SORT_BY_ALIGNMENT(._k_pipe.static.*)))
                0x000000002000c730                _k_pipe_list_end = .

k_sem_area      0x000000002000c730        0x0 load address 0x000000000000d728
                0x000000002000c730                _k_sem_list_start = .
 *(SORT_BY_NAME(SORT_BY_ALIGNMENT(._k_sem.static.*)))
                0x000000002000c730                _k_sem_list_end = .

k_event_area    0x000000002000c730        0x0 load address 0x000000000000d728
                0x000000002000c730                _k_event_list_start = .
 *(SORT_BY_NAME(SORT_BY_ALIGNMENT(._k_event.static.*)))
                0x000000002000c730                _k_event_list_end = .

k_queue_area    0x000000002000c730        0x0 load address 0x000000000000d728
                0x000000002000c730                _k_queue_list_start = .
 *(SORT_BY_NAME(SORT_BY_ALIGNMENT(._k_queue.static.*)))
                0x000000002000c730                _k_queue_list_end = .

k_fifo_area     0x000000002000c730        0x0 load address 0x000000000000d728
                0x000000002000c730                _k_fifo_list_start = .
 *(SORT_BY_NAME(SORT_BY_ALIGNMENT(._k_fifo.static.*)))
                0x000000002000c730                _k_fifo_list_end = .

k_lifo_area     0x000000002000c730        0x0 load address 0x000000000000d728
                0x000000002000c730                _k_lifo_list_start = .
 *(SORT_BY_NAME(SORT_BY_ALIGNMENT(._k_lifo.static.*)))
                0x000000002000c730                _k_lifo_list_end = .

k_condvar_area  0x000000002000c730        0x0 load address 0x000000000000d728
                0x000000002000c730                _k_condvar_list_start = .
 *(SORT_BY_NAME(SORT_BY_ALIGNMENT(._k_condvar.static.*)))
                0x000000002000c730                _k_condvar_list_end = .

sys_mem_blocks_ptr_area
                0x000000002000c730        0x0 load address 0x000000000000d728
                0x000000002000c730                _sys_mem_blocks_ptr_list_start = .
 *(SORT_BY_NAME(SORT_BY_ALIGNMENT(._sys_mem_blocks_ptr.static.*)))
                0x000000002000c730                _sys_mem_blocks_ptr_list_end = .

net_buf_pool_area
                0x000000002000c730        0x0 load address 0x000000000000d728
                0x000000002000c730                _net_buf_pool_list_start = .
 *(SORT_BY_NAME(SORT_BY_ALIGNMENT(._net_buf_pool.static.*)))
                0x000000002000c730                _net_buf_pool_list_end = .
                0x000000002000c730                __data_region_end = .

bss             0x000000002000c730      0x39b
                0x000000002000c730                . = ALIGN (0x4)
                0x000000002000c730                __bss_start = .
                0x000000002000c730                __kernel_ram_start = .
 *(SORT_BY_ALIGNMENT(.bss))
 *(SORT_BY_ALIGNMENT(.bss.*))
 .bss.cc_data   0x000000002000c730       0x10 zephyr/drivers/timer/libdrivers__timer.a(nrf_rtc_timer.c.obj)
 .bss.last_count
                0x000000002000c740        0x8 zephyr/drivers/timer/libdrivers__timer.a(nrf_rtc_timer.c.obj)
 .bss.anchor    0x000000002000c748        0x8 zephyr/drivers/timer/libdrivers__timer.a(nrf_rtc_timer.c.obj)
 .bss.z_idle_threads
                0x000000002000c750       0x80 zephyr/kernel/libkernel.a(init.c.obj)
                0x000000002000c750                z_idle_threads
 .bss.z_main_thread
                0x000000002000c7d0       0x80 zephyr/kernel/libkernel.a(init.c.obj)
                0x000000002000c7d0                z_main_thread
 .bss._thread_dummy
                0x000000002000c850       0x80 zephyr/kernel/libkernel.a(sched.c.obj)
                0x000000002000c850                _thread_dummy
 .bss.slice_timeouts
                0x000000002000c8d0       0x18 zephyr/kernel/libkernel.a(timeslicing.c.obj)
 .bss.curr_tick
                0x000000002000c8e8        0x8 zephyr/kernel/libkernel.a(timeout.c.obj)
 .bss.rx_buf_pos
                0x000000002000c8f0        0x4 app/libapp.a(main.c.obj)
 .bss.z_arm_tls_ptr
                0x000000002000c8f4        0x4 zephyr/arch/arch/arm/core/libarch__arm__core.a(tls.c.obj)
                0x000000002000c8f4                z_arm_tls_ptr
 .bss.dyn_reg_info
                0x000000002000c8f8       0x14 zephyr/arch/arch/arm/core/mpu/libarch__arm__core__mpu.a(arm_mpu.c.obj)
 .bss._stdout_hook
                0x000000002000c90c        0x4 zephyr/lib/libc/picolibc/liblib__libc__picolibc.a(libc-hooks.c.obj)
 .bss.z_malloc_heap
                0x000000002000c910        0xc zephyr/lib/libc/common/liblib__libc__common.a(malloc.c.obj)
 .bss.cli.1     0x000000002000c91c       0x10 zephyr/drivers/clock_control/libdrivers__clock_control.a(clock_control_nrf.c.obj)
 .bss.on.2      0x000000002000c92c        0x4 zephyr/drivers/clock_control/libdrivers__clock_control.a(clock_control_nrf.c.obj)
 .bss.data      0x000000002000c930       0x50 zephyr/drivers/clock_control/libdrivers__clock_control.a(clock_control_nrf.c.obj)
 .bss.hfclk_users
                0x000000002000c980        0x4 zephyr/drivers/clock_control/libdrivers__clock_control.a(clock_control_nrf.c.obj)
 .bss.gpio_nrfx_p0_data
                0x000000002000c984        0xc zephyr/drivers/gpio/libdrivers__gpio.a(gpio_nrfx.c.obj)
 .bss.force_isr_mask
                0x000000002000c990        0x4 zephyr/drivers/timer/libdrivers__timer.a(nrf_rtc_timer.c.obj)
 .bss.int_mask  0x000000002000c994        0x4 zephyr/drivers/timer/libdrivers__timer.a(nrf_rtc_timer.c.obj)
 .bss.overflow_cnt
                0x000000002000c998        0x4 zephyr/drivers/timer/libdrivers__timer.a(nrf_rtc_timer.c.obj)
 .bss.rpc_event_cnt
                0x000000002000c99c        0x4 modules/nrf/lib/nrf_modem_lib/lib..__nrf__lib__nrf_modem_lib.a(nrf_modem_os.c.obj)
 .bss.sleeping_threads
                0x000000002000c9a0        0x8 modules/nrf/lib/nrf_modem_lib/lib..__nrf__lib__nrf_modem_lib.a(nrf_modem_os.c.obj)
 .bss.g_context
                0x000000002000c9a8       0x74 modules/nrf/modules/trusted-firmware-m/lib..__nrf__modules__trusted-firmware-m.a(fault.c.obj)
 .bss.m_clock_cb
                0x000000002000ca1c        0x8 modules/hal_nordic/nrfx/libmodules__hal_nordic__nrfx.a(nrfx_clock.c.obj)
 .bss.m_cb      0x000000002000ca24        0xc modules/hal_nordic/nrfx/libmodules__hal_nordic__nrfx.a(nrfx_ipc.c.obj)
 .bss.cfun_handler
                0x000000002000ca30        0x4 /opt/nordic/ncs/v2.8.0/nrfxlib/nrf_modem/lib/cellular/nrf9160/soft-float/libmodem.a(nrf_modem_at.c.obj)
 .bss._kernel   0x000000002000ca34       0x20 zephyr/kernel/libkernel.a(init.c.obj)
                0x000000002000ca34                _kernel
 .bss.pending_current
                0x000000002000ca54        0x4 zephyr/kernel/libkernel.a(timeslicing.c.obj)
                0x000000002000ca54                pending_current
 .bss.slice_max_prio
                0x000000002000ca58        0x4 zephyr/kernel/libkernel.a(timeslicing.c.obj)
 .bss.slice_ticks
                0x000000002000ca5c        0x4 zephyr/kernel/libkernel.a(timeslicing.c.obj)
 .bss.announce_remaining
                0x000000002000ca60        0x4 zephyr/kernel/libkernel.a(timeout.c.obj)
 .bss.rx_buf    0x000000002000ca64       0x20 app/libapp.a(main.c.obj)
 .bss.static_regions_num
                0x000000002000ca84        0x1 zephyr/arch/arch/arm/core/mpu/libarch__arm__core__mpu.a(arm_mpu.c.obj)
 .bss.uarte1_poll_in_byte
                0x000000002000ca85        0x1 zephyr/drivers/serial/libdrivers__serial.a(uart_nrfx_uarte.c.obj)
 .bss.uarte1_poll_out_byte
                0x000000002000ca86        0x1 zephyr/drivers/serial/libdrivers__serial.a(uart_nrfx_uarte.c.obj)
 .bss.uarte1_tx_buffer
                0x000000002000ca87       0x20 zephyr/drivers/serial/libdrivers__serial.a(uart_nrfx_uarte.c.obj)
 .bss.uarte0_poll_in_byte
                0x000000002000caa7        0x1 zephyr/drivers/serial/libdrivers__serial.a(uart_nrfx_uarte.c.obj)
 .bss.uarte0_poll_out_byte
                0x000000002000caa8        0x1 zephyr/drivers/serial/libdrivers__serial.a(uart_nrfx_uarte.c.obj)
 .bss.uarte0_tx_buffer
                0x000000002000caa9       0x20 zephyr/drivers/serial/libdrivers__serial.a(uart_nrfx_uarte.c.obj)
 .bss.z_sys_post_kernel
                0x000000002000cac9        0x1 zephyr/kernel/libkernel.a(init.c.obj)
                0x000000002000cac9                z_sys_post_kernel
 .bss.lock      0x000000002000caca        0x0 zephyr/kernel/libkernel.a(mutex.c.obj)
 .bss.lock      0x000000002000caca        0x0 zephyr/kernel/libkernel.a(sem.c.obj)
 .bss._sched_spinlock
                0x000000002000caca        0x0 zephyr/kernel/libkernel.a(sched.c.obj)
                0x000000002000caca                _sched_spinlock
 .bss.slice_expired
                0x000000002000caca        0x1 zephyr/kernel/libkernel.a(timeslicing.c.obj)
 *(SORT_BY_ALIGNMENT(COMMON))
 *(SORT_BY_ALIGNMENT(.kernel_bss.*))
                0x000000002000cacc                __bss_end = ALIGN (0x4)

noinit          0x000000002000cad0     0x11c0
 *(SORT_BY_ALIGNMENT(.noinit))
 *(SORT_BY_ALIGNMENT(.noinit.*))
 .noinit."WEST_TOPDIR/zephyr/kernel/init.c".2
                0x000000002000cad0      0x800 zephyr/kernel/libkernel.a(init.c.obj)
                0x000000002000cad0                z_interrupt_stacks
 .noinit."WEST_TOPDIR/zephyr/kernel/init.c".1
                0x000000002000d2d0      0x140 zephyr/kernel/libkernel.a(init.c.obj)
 .noinit."WEST_TOPDIR/zephyr/kernel/init.c".0
                0x000000002000d410      0x400 zephyr/kernel/libkernel.a(init.c.obj)
                0x000000002000d410                z_main_stack
 .noinit."WEST_TOPDIR/zephyr/kernel/mempool.c".kheap_buf__system_heap
                0x000000002000d810      0x200 zephyr/kernel/libkernel.a(mempool.c.obj)
                0x000000002000d810                kheap__system_heap
 .noinit."CMAKE_SOURCE_DIR/src/main.c".1
                0x000000002000da10      0x140 app/libapp.a(main.c.obj)
 .noinit."CMAKE_SOURCE_DIR/src/main.c".0
                0x000000002000db50      0x140 app/libapp.a(main.c.obj)
 *(SORT_BY_ALIGNMENT(.kernel_noinit.*))
                0x0000000020040000                __kernel_ram_end = 0x20040000
                0x00000000000338d0                __kernel_ram_size = (__kernel_ram_end - __kernel_ram_start)
                0x000000000000ca30                PROVIDE (soc_reset_hook = SystemInit)

.intList        0x00000000ffff8000       0x68
 *(SORT_BY_ALIGNMENT(.irq_info*))
 .irq_info      0x00000000ffff8000        0x8 zephyr/arch/common/libisr_tables.a(isr_tables.c.obj)
                0x00000000ffff8000                _iheader
 *(SORT_BY_ALIGNMENT(.intList*))
 .intList       0x00000000ffff8008       0x10 zephyr/drivers/clock_control/libdrivers__clock_control.a(clock_control_nrf.c.obj)
 .intList       0x00000000ffff8018       0x10 zephyr/drivers/gpio/libdrivers__gpio.a(gpio_nrfx.c.obj)
 .intList       0x00000000ffff8028       0x20 zephyr/drivers/serial/libdrivers__serial.a(uart_nrfx_uarte.c.obj)
 .intList       0x00000000ffff8048       0x10 zephyr/drivers/timer/libdrivers__timer.a(nrf_rtc_timer.c.obj)
 .intList       0x00000000ffff8058       0x10 modules/nrf/lib/nrf_modem_lib/lib..__nrf__lib__nrf_modem_lib.a(nrf_modem_lib.c.obj)

.last_ram_section
                0x000000002000dc90        0x0
                0x000000002000dc90                _image_ram_end = .
                0x0000000000001710                _image_ram_size = (_image_ram_end - _image_ram_start)
                0x000000002000dc90                _end = .
                0x000000002000dc90                z_mapped_end = .

.stab
 *(SORT_BY_ALIGNMENT(.stab))

.stabstr
 *(SORT_BY_ALIGNMENT(.stabstr))

.stab.excl
 *(SORT_BY_ALIGNMENT(.stab.excl))

.stab.exclstr
 *(SORT_BY_ALIGNMENT(.stab.exclstr))

.stab.index
 *(SORT_BY_ALIGNMENT(.stab.index))

.stab.indexstr
 *(SORT_BY_ALIGNMENT(.stab.indexstr))

.gnu.build.attributes
 *(SORT_BY_ALIGNMENT(.gnu.build.attributes) SORT_BY_ALIGNMENT(.gnu.build.attributes.*))

.comment        0x0000000000000000       0x40
 *(SORT_BY_ALIGNMENT(.comment))
 .comment       0x0000000000000000       0x20 zephyr/CMakeFiles/offsets.dir/./arch/arm/core/offsets/offsets.c.obj
                                         0x21 (size before relaxing)
 .comment       0x0000000000000020       0x21 app/libapp.a(main.c.obj)
 .comment       0x0000000000000020       0x21 zephyr/libzephyr.a(heap.c.obj)
 .comment       0x0000000000000020       0x21 zephyr/libzephyr.a(printk.c.obj)
 .comment       0x0000000000000020       0x21 zephyr/libzephyr.a(thread_entry.c.obj)
 .comment       0x0000000000000020       0x21 zephyr/libzephyr.a(onoff.c.obj)
 .comment       0x0000000000000020       0x21 zephyr/libzephyr.a(notify.c.obj)
 .comment       0x0000000000000020       0x21 zephyr/libzephyr.a(configs.c.obj)
 .comment       0x0000000000000020       0x21 zephyr/libzephyr.a(mem_attr.c.obj)
 .comment       0x0000000000000020       0x21 zephyr/libzephyr.a(banner.c.obj)
 .comment       0x0000000000000020       0x21 zephyr/arch/arch/arm/core/libarch__arm__core.a(fatal.c.obj)